Component: Arm Compiler for Embedded 6.19 Tool: armlink [5e73cb00]

==============================================================================

Section Cross References

    main.o(.text.main) refers to main.o(.text.PWM_Init) for PWM_Init
    main.o(.text.main) refers to main.o(.text.GPIO_Config) for GPIO_Config
    main.o(.text.main) refers to main.o(.text.I2C_LCD_Configuration) for I2C_LCD_Configuration
    main.o(.text.main) refers to liquidcrystal_i2c.o(.text.HD44780_Init) for HD44780_Init
    main.o(.text.main) refers to liquidcrystal_i2c.o(.text.HD44780_Clear) for HD44780_Clear
    main.o(.text.main) refers to stm32f1_rc522.o(.text.MFRC522_Init) for MFRC522_Init
    main.o(.text.main) refers to main.o(.text.Timer2RegisterInterupt) for Timer2RegisterInterupt
    main.o(.text.main) refers to main.o(.bss.u32CheckAtive) for u32CheckAtive
    main.o(.text.main) refers to main.o(.text.Flash_Read) for Flash_Read
    main.o(.text.main) refers to main.o(.data.SectorActive) for SectorActive
    main.o(.text.main) refers to main.o(.text.ReadCardFromFlash) for ReadCardFromFlash
    main.o(.text.main) refers to liquidcrystal_i2c.o(.text.Delay_Ms) for Delay_Ms
    main.o(.text.main) refers to main.o(.text.CheckInfoCardID) for CheckInfoCardID
    main.o(.text.main) refers to main.o(.bss.CardIDInfo) for CardIDInfo
    main.o(.text.main) refers to main.o(.bss.CardIDforce) for CardIDforce
    main.o(.text.main) refers to main.o(.bss.CountStateMasterCard) for CountStateMasterCard
    main.o(.text.main) refers to main.o(.text.AddSlaveCard) for AddSlaveCard
    main.o(.text.main) refers to main.o(.text.RemoveSlaveCard) for RemoveSlaveCard
    main.o(.text.main) refers to liquidcrystal_i2c.o(.text.HD44780_SetCursor) for HD44780_SetCursor
    main.o(.text.main) refers to main.o(.rodata.str1.1) for .L.str
    main.o(.text.main) refers to liquidcrystal_i2c.o(.text.HD44780_PrintStr) for HD44780_PrintStr
    main.o(.text.main) refers to main.o(.text.OpendDoor) for OpendDoor
    main.o(.text.main) refers to main.o(.text.GetPersonStatus) for GetPersonStatus
    main.o(.text.main) refers to main.o(.bss.s32PeopleInRoom) for s32PeopleInRoom
    main.o(.text.main) refers to sprintf.o(.text) for sprintf
    main.o(.text.main) refers to main.o(.bss.s8Time) for s8Time
    main.o(.text.main) refers to stm32f10x_gpio.o(.text.GPIO_ResetBits) for GPIO_ResetBits
    main.o(.text.main) refers to stm32f10x_gpio.o(.text.GPIO_SetBits) for GPIO_SetBits
    main.o(.ARM.exidx.text.main) refers to main.o(.text.main) for [Anonymous Symbol]
    main.o(.text.PWM_Init) refers to stm32f10x_rcc.o(.text.RCC_APB1PeriphClockCmd) for RCC_APB1PeriphClockCmd
    main.o(.text.PWM_Init) refers to stm32f10x_tim.o(.text.TIM_TimeBaseInit) for TIM_TimeBaseInit
    main.o(.text.PWM_Init) refers to stm32f10x_tim.o(.text.TIM_Cmd) for TIM_Cmd
    main.o(.text.PWM_Init) refers to stm32f10x_tim.o(.text.TIM_OC4Init) for TIM_OC4Init
    main.o(.text.PWM_Init) refers to stm32f10x_tim.o(.text.TIM_OC4PreloadConfig) for TIM_OC4PreloadConfig
    main.o(.text.PWM_Init) refers to stm32f10x_rcc.o(.text.RCC_APB2PeriphClockCmd) for RCC_APB2PeriphClockCmd
    main.o(.text.PWM_Init) refers to stm32f10x_gpio.o(.text.GPIO_Init) for GPIO_Init
    main.o(.ARM.exidx.text.PWM_Init) refers to main.o(.text.PWM_Init) for [Anonymous Symbol]
    main.o(.text.GPIO_Config) refers to stm32f10x_rcc.o(.text.RCC_APB2PeriphClockCmd) for RCC_APB2PeriphClockCmd
    main.o(.text.GPIO_Config) refers to stm32f10x_gpio.o(.text.GPIO_Init) for GPIO_Init
    main.o(.text.GPIO_Config) refers to stm32f10x_gpio.o(.text.GPIO_ResetBits) for GPIO_ResetBits
    main.o(.ARM.exidx.text.GPIO_Config) refers to main.o(.text.GPIO_Config) for [Anonymous Symbol]
    main.o(.text.I2C_LCD_Configuration) refers to stm32f10x_rcc.o(.text.RCC_APB2PeriphClockCmd) for RCC_APB2PeriphClockCmd
    main.o(.text.I2C_LCD_Configuration) refers to stm32f10x_rcc.o(.text.RCC_APB1PeriphClockCmd) for RCC_APB1PeriphClockCmd
    main.o(.text.I2C_LCD_Configuration) refers to stm32f10x_gpio.o(.text.GPIO_StructInit) for GPIO_StructInit
    main.o(.text.I2C_LCD_Configuration) refers to stm32f10x_gpio.o(.text.GPIO_Init) for GPIO_Init
    main.o(.text.I2C_LCD_Configuration) refers to stm32f10x_i2c.o(.text.I2C_StructInit) for I2C_StructInit
    main.o(.text.I2C_LCD_Configuration) refers to stm32f10x_i2c.o(.text.I2C_Init) for I2C_Init
    main.o(.text.I2C_LCD_Configuration) refers to stm32f10x_i2c.o(.text.I2C_Cmd) for I2C_Cmd
    main.o(.ARM.exidx.text.I2C_LCD_Configuration) refers to main.o(.text.I2C_LCD_Configuration) for [Anonymous Symbol]
    main.o(.ARM.exidx.text.Timer2RegisterInterupt) refers to main.o(.text.Timer2RegisterInterupt) for [Anonymous Symbol]
    main.o(.ARM.exidx.text.Flash_Read) refers to main.o(.text.Flash_Read) for [Anonymous Symbol]
    main.o(.text.ReadCardFromFlash) refers to main.o(.data.SectorActive) for SectorActive
    main.o(.text.ReadCardFromFlash) refers to main.o(.bss.SlaveCardID) for SlaveCardID
[...]
    .ARM.Collect$$rtexit$$00000000           0x08000226   Section        2  rtexit.o(.ARM.Collect$$rtexit$$00000000)
    .ARM.Collect$$rtexit$$00000002           0x08000228   Section        0  rtexit2.o(.ARM.Collect$$rtexit$$00000002)
    .ARM.Collect$$rtexit$$00000003           0x08000228   Section        4  rtexit2.o(.ARM.Collect$$rtexit$$00000003)
    .ARM.Collect$$rtexit$$00000004           0x0800022c   Section        6  rtexit2.o(.ARM.Collect$$rtexit$$00000004)
    .text                                    0x08000234   Section       64  startup_stm32f10x_md.o(.text)
    .text                                    0x08000274   Section        0  sprintf.o(.text)
    .text                                    0x080002a0   Section        0  heapauxi.o(.text)
    .text                                    0x080002a6   Section        0  _printf_pad.o(.text)
    .text                                    0x080002f4   Section        0  _printf_truncate.o(.text)
    .text                                    0x08000318   Section        0  _printf_str.o(.text)
    .text                                    0x0800036c   Section        0  _printf_dec.o(.text)
    .text                                    0x080003e4   Section        0  _printf_charcount.o(.text)
    _printf_input_char                       0x0800040d   Thumb Code    10  _printf_char_common.o(.text)
    .text                                    0x0800040c   Section        0  _printf_char_common.o(.text)
    .text                                    0x0800043c   Section        0  _sputc.o(.text)
    .text                                    0x08000448   Section        0  _printf_wctomb.o(.text)
    .text                                    0x08000504   Section        0  _printf_longlong_dec.o(.text)
    _printf_longlong_oct_internal            0x08000581   Thumb Code     0  _printf_oct_int_ll.o(.text)
    .text                                    0x08000580   Section        0  _printf_oct_int_ll.o(.text)
    _printf_hex_common                       0x080005f1   Thumb Code     0  _printf_hex_int_ll_ptr.o(.text)
    .text                                    0x080005f0   Section        0  _printf_hex_int_ll_ptr.o(.text)
    .text                                    0x08000684   Section        0  __printf_flags_ss_wp.o(.text)
    .text                                    0x0800080c   Section      138  lludiv10.o(.text)
    .text                                    0x08000896   Section        0  _printf_intcommon.o(.text)
    _fp_digits                               0x08000949   Thumb Code   432  _printf_fp_dec.o(.text)
    .text                                    0x08000948   Section        0  _printf_fp_dec.o(.text)
    .text                                    0x08000d64   Section        0  _printf_fp_hex.o(.text)
    .text                                    0x08001060   Section        0  _printf_char.o(.text)
    .text                                    0x0800108c   Section        0  _printf_wchar.o(.text)
    .text                                    0x080010b8   Section        0  _c16rtomb.o(.text)
    .text                                    0x08001100   Section       74  sys_stackheap_outer.o(.text)
    .text                                    0x0800114c   Section       16  rt_ctype_table.o(.text)
    .text                                    0x0800115c   Section        8  rt_locale_intlibspace.o(.text)
    .text                                    0x08001164   Section        0  _printf_fp_infnan.o(.text)
    .text                                    0x080011e4   Section        0  bigflt0.o(.text)
    .text                                    0x080012c8   Section        0  exit.o(.text)
    .text                                    0x080012dc   Section        8  libspace.o(.text)
    .text                                    0x080012e4   Section      128  strcmpv7m.o(.text)
    .text                                    0x08001364   Section        0  sys_exit.o(.text)
    .text                                    0x08001370   Section        2  use_no_semi.o(.text)
    .text                                    0x08001372   Section        0  indicate_semi.o(.text)
    [Anonymous Symbol]                       0x08001374   Section        0  main.o(.text.AddSlaveCard)
    [Anonymous Symbol]                       0x08001854   Section        0  stm32f1_rc522.o(.text.AntennaOn)
    [Anonymous Symbol]                       0x08001874   Section        0  stm32f1_rc522.o(.text.CalulateCRC)
    [Anonymous Symbol]                       0x08001928   Section        0  main.o(.text.CheckInfoCardID)
    [Anonymous Symbol]                       0x080019b8   Section        0  stm32f1_rc522.o(.text.ClearBitMask)
    [Anonymous Symbol]                       0x080019e8   Section        0  liquidcrystal_i2c.o(.text.Delay_Ms)
    [Anonymous Symbol]                       0x08001a40   Section        0  liquidcrystal_i2c.o(.text.Delay_Us)
    ExpanderWrite                            0x08001a95   Thumb Code   170  liquidcrystal_i2c.o(.text.ExpanderWrite)
    [Anonymous Symbol]                       0x08001a94   Section        0  liquidcrystal_i2c.o(.text.ExpanderWrite)
    [Anonymous Symbol]                       0x08001b40   Section        0  main.o(.text.Flash_Erase)
    [Anonymous Symbol]                       0x08001bc8   Section        0  main.o(.text.Flash_Read)
    [Anonymous Symbol]                       0x08001c78   Section        0  main.o(.text.Flash_Unlock)
    [Anonymous Symbol]                       0x08001c98   Section        0  main.o(.text.Flash_Write)
    [Anonymous Symbol]                       0x08001d50   Section        0  main.o(.text.GPIO_Config)
    [Anonymous Symbol]                       0x08001df0   Section        0  stm32f10x_gpio.o(.text.GPIO_Init)
    [Anonymous Symbol]                       0x08001f78   Section        0  stm32f10x_gpio.o(.text.GPIO_ReadInputDataBit)
    [Anonymous Symbol]                       0x08001fac   Section        0  stm32f10x_gpio.o(.text.GPIO_ResetBits)
    [Anonymous Symbol]                       0x08001fc0   Section        0  stm32f10x_gpio.o(.text.GPIO_SetBits)
    [Anonymous Symbol]                       0x08001fd4   Section        0  stm32f10x_gpio.o(.text.GPIO_StructInit)
    [Anonymous Symbol]                       0x08001ff0   Section        0  main.o(.text.GetPersonStatus)
    [Anonymous Symbol]                       0x08002078   Section        0  liquidcrystal_i2c.o(.text.HD44780_Clear)
    [Anonymous Symbol]                       0x0800208c   Section        0  liquidcrystal_i2c.o(.text.HD44780_CreateSpecialChar)
    [Anonymous Symbol]                       0x080020d8   Section        0  liquidcrystal_i2c.o(.text.HD44780_Display)
    [Anonymous Symbol]                       0x080020f8   Section        0  liquidcrystal_i2c.o(.text.HD44780_Home)
    [Anonymous Symbol]                       0x0800210c   Section        0  liquidcrystal_i2c.o(.text.HD44780_Init)
    [Anonymous Symbol]                       0x08002218   Section        0  liquidcrystal_i2c.o(.text.HD44780_PrintStr)
    [Anonymous Symbol]                       0x0800223c   Section        0  liquidcrystal_i2c.o(.text.HD44780_SetCursor)
    [Anonymous Symbol]                       0x0800229c   Section        0  stm32f10x_i2c.o(.text.I2C_CheckEvent)
    [Anonymous Symbol]                       0x080022f0   Section        0  stm32f10x_i2c.o(.text.I2C_Cmd)
    [Anonymous Symbol]                       0x0800231c   Section        0  stm32f10x_i2c.o(.text.I2C_GenerateSTART)
    [Anonymous Symbol]                       0x08002348   Section        0  stm32f10x_i2c.o(.text.I2C_GenerateSTOP)
    [Anonymous Symbol]                       0x08002374   Section        0  stm32f10x_i2c.o(.text.I2C_Init)
    [Anonymous Symbol]                       0x08002520   Section        0  main.o(.text.I2C_LCD_Configuration)
    [Anonymous Symbol]                       0x080025b0   Section        0  stm32f10x_i2c.o(.text.I2C_Send7bitAddress)
    [Anonymous Symbol]                       0x080025ec   Section        0  stm32f10x_i2c.o(.text.I2C_SendData)
    [Anonymous Symbol]                       0x08002600   Section        0  stm32f10x_i2c.o(.text.I2C_StructInit)
    [Anonymous Symbol]                       0x08002630   Section        0  stm32f1_rc522.o(.text.MFRC522_Anticoll)
    [Anonymous Symbol]                       0x080026c4   Section        0  stm32f1_rc522.o(.text.MFRC522_Halt)
    [Anonymous Symbol]                       0x080026f8   Section        0  stm32f1_rc522.o(.text.MFRC522_Init)
    [Anonymous Symbol]                       0x08002790   Section        0  stm32f1_rc522.o(.text.MFRC522_ReadCardID)
    [Anonymous Symbol]                       0x080027c4   Section        0  stm32f1_rc522.o(.text.MFRC522_Request)
    [Anonymous Symbol]                       0x08002814   Section        0  stm32f1_rc522.o(.text.MFRC522_Reset)
    [Anonymous Symbol]                       0x08002820   Section        0  stm32f1_rc522.o(.text.MFRC522_SPI_Init)
    [Anonymous Symbol]                       0x080028a8   Section        0  stm32f1_rc522.o(.text.MFRC522_ToCard)
    [Anonymous Symbol]                       0x08002aa8   Section        0  main.o(.text.OpendDoor)
    [Anonymous Symbol]                       0x08002ce4   Section        0  main.o(.text.PWM_Init)
    PulseEnable                              0x08002d85   Thumb Code    50  liquidcrystal_i2c.o(.text.PulseEnable)
    [Anonymous Symbol]                       0x08002d84   Section        0  liquidcrystal_i2c.o(.text.PulseEnable)
    [Anonymous Symbol]                       0x08002db8   Section        0  stm32f1_rc522.o(.text.RC522_SPI_Transfer)
    [Anonymous Symbol]                       0x08002e10   Section        0  stm32f10x_rcc.o(.text.RCC_APB1PeriphClockCmd)
    [Anonymous Symbol]                       0x08002e48   Section        0  stm32f10x_rcc.o(.text.RCC_APB2PeriphClockCmd)
    [Anonymous Symbol]                       0x08002e80   Section        0  stm32f10x_rcc.o(.text.RCC_GetClocksFreq)
    [Anonymous Symbol]                       0x08002ff4   Section        0  main.o(.text.ReadCardFromFlash)
    [Anonymous Symbol]                       0x08003080   Section        0  stm32f1_rc522.o(.text.Read_MFRC522)
    [Anonymous Symbol]                       0x080030c8   Section        0  main.o(.text.RemoveSlaveCard)
    [Anonymous Symbol]                       0x08003484   Section        0  stm32f10x_spi.o(.text.SPI_Cmd)
    [Anonymous Symbol]                       0x080034b0   Section        0  stm32f10x_spi.o(.text.SPI_I2S_GetFlagStatus)
    [Anonymous Symbol]                       0x080034e8   Section        0  stm32f10x_spi.o(.text.SPI_I2S_ReceiveData)
    [Anonymous Symbol]                       0x080034f4   Section        0  stm32f10x_spi.o(.text.SPI_I2S_SendData)
    [Anonymous Symbol]                       0x08003508   Section        0  stm32f10x_spi.o(.text.SPI_Init)
    Send                                     0x08003571   Thumb Code    66  liquidcrystal_i2c.o(.text.Send)
    [Anonymous Symbol]                       0x08003570   Section        0  liquidcrystal_i2c.o(.text.Send)
    SendChar                                 0x080035b5   Thumb Code    22  liquidcrystal_i2c.o(.text.SendChar)
    [Anonymous Symbol]                       0x080035b4   Section        0  liquidcrystal_i2c.o(.text.SendChar)
    SendCommand                              0x080035cd   Thumb Code    22  liquidcrystal_i2c.o(.text.SendCommand)
    [Anonymous Symbol]                       0x080035cc   Section        0  liquidcrystal_i2c.o(.text.SendCommand)
    [Anonymous Symbol]                       0x080035e4   Section        0  stm32f1_rc522.o(.text.SetBitMask)
    SetSysClock                              0x08003615   Thumb Code     8  system_stm32f10x.o(.text.SetSysClock)
    [Anonymous Symbol]                       0x08003614   Section        0  system_stm32f10x.o(.text.SetSysClock)
    SetSysClockTo72                          0x0800361d   Thumb Code   290  system_stm32f10x.o(.text.SetSysClockTo72)
    [Anonymous Symbol]                       0x0800361c   Section        0  system_stm32f10x.o(.text.SetSysClockTo72)
    [Anonymous Symbol]                       0x08003740   Section        0  system_stm32f10x.o(.text.SystemInit)
    [Anonymous Symbol]                       0x080037a8   Section        0  main.o(.text.TIM2_IRQHandler)
    [Anonymous Symbol]                       0x080037e4   Section        0  stm32f10x_tim.o(.text.TIM_Cmd)
    [Anonymous Symbol]                       0x08003810   Section        0  stm32f10x_tim.o(.text.TIM_OC4Init)
    [Anonymous Symbol]                       0x08003900   Section        0  stm32f10x_tim.o(.text.TIM_OC4PreloadConfig)
    [Anonymous Symbol]                       0x08003940   Section        0  stm32f10x_tim.o(.text.TIM_TimeBaseInit)
    [Anonymous Symbol]                       0x08003a84   Section        0  main.o(.text.Timer2RegisterInterupt)
    Write4Bits                               0x08003af9   Thumb Code    28  liquidcrystal_i2c.o(.text.Write4Bits)
    [Anonymous Symbol]                       0x08003af8   Section        0  liquidcrystal_i2c.o(.text.Write4Bits)
    [Anonymous Symbol]                       0x08003b14   Section        0  stm32f1_rc522.o(.text.Write_MFRC522)
    [Anonymous Symbol]                       0x08003b58   Section        0  main.o(.text.main)
    CL$$btod_d2e                             0x08003f02   Section       62  btod.o(CL$$btod_d2e)
    CL$$btod_d2e_denorm_low                  0x08003f40   Section       70  btod.o(CL$$btod_d2e_denorm_low)
    CL$$btod_d2e_norm_op1                    0x08003f86   Section       96  btod.o(CL$$btod_d2e_norm_op1)
    CL$$btod_div_common                      0x08003fe8   Section      824  btod.o(CL$$btod_div_common)
    CL$$btod_e2e                             0x08004320   Section      220  btod.o(CL$$btod_e2e)
    CL$$btod_ediv                            0x080043fc   Section       42  btod.o(CL$$btod_ediv)
    CL$$btod_emul                            0x08004426   Section       42  btod.o(CL$$btod_emul)
    CL$$btod_mult_common                     0x08004450   Section      580  btod.o(CL$$btod_mult_common)
    i.__ARM_fpclassify                       0x08004694   Section        0  fpclassify.o(i.__ARM_fpclassify)
    i._is_digit                              0x080046bc   Section        0  __printf_wp.o(i._is_digit)
    locale$$code                             0x080046cc   Section       44  lc_numeric_c.o(locale$$code)
    locale$$code                             0x080046f8   Section       44  lc_ctype_c.o(locale$$code)
    x$fpl$printf1                            0x08004724   Section        4  printf1.o(x$fpl$printf1)
    x$fpl$printf2                            0x08004728   Section        4  printf2.o(x$fpl$printf2)
    initial_mbstate                          0x0800472c   Data           8  _printf_wctomb.o(.constdata)
    .constdata                               0x0800472c   Section        8  _printf_wctomb.o(.constdata)
    x$fpl$usenofp                            0x0800472c   Section        0  usenofp.o(x$fpl$usenofp)
    uc_hextab                                0x08004734   Data          20  _printf_hex_int_ll_ptr.o(.constdata)
    .constdata                               0x08004734   Section       40  _printf_hex_int_ll_ptr.o(.constdata)
    lc_hextab                                0x08004748   Data          20  _printf_hex_int_ll_ptr.o(.constdata)
    maptable                                 0x0800475c   Data          17  __printf_flags_ss_wp.o(.constdata)
    .constdata                               0x0800475c   Section       17  __printf_flags_ss_wp.o(.constdata)
    lc_hextab                                0x0800476d   Data          19  _printf_fp_hex.o(.constdata)
    .constdata                               0x0800476d   Section       38  _printf_fp_hex.o(.constdata)
    uc_hextab                                0x08004780   Data          19  _printf_fp_hex.o(.constdata)
    tenpwrs_x                                0x08004794   Data          60  bigflt0.o(.constdata)
    .constdata                               0x08004794   Section      148  bigflt0.o(.constdata)
    tenpwrs_i                                0x080047d0   Data          64  bigflt0.o(.constdata)
    ADCPrescTable                            0x08004828   Data           4  stm32f10x_rcc.o(.rodata.ADCPrescTable)
    [Anonymous Symbol]                       0x08004828   Section        0  stm32f10x_rcc.o(.rodata.ADCPrescTable)
    APBAHBPrescTable                         0x0800482c   Data          16  stm32f10x_rcc.o(.rodata.APBAHBPrescTable)
    [Anonymous Symbol]                       0x0800482c   Section        0  stm32f10x_rcc.o(.rodata.APBAHBPrescTable)
    .L.str.4                                 0x0800483c   Data           7  main.o(.rodata.str1.1)
    [Anonymous Symbol]                       0x0800483c   Section        0  main.o(.rodata.str1.1)
    .L.str.11                                0x08004843   Data          17  main.o(.rodata.str1.1)
    .L.str.3                                 0x08004854   Data          12  main.o(.rodata.str1.1)
    .L.str.9                                 0x08004860   Data           7  main.o(.rodata.str1.1)
    .L.str.6                                 0x08004867   Data          15  main.o(.rodata.str1.1)
    .L.str.16                                0x08004876   Data          16  main.o(.rodata.str1.1)
    .L.str.14                                0x08004886   Data          16  main.o(.rodata.str1.1)
    .L.str.8                                 0x08004896   Data           4  main.o(.rodata.str1.1)
    .L.str.19                                0x0800489a   Data          11  main.o(.rodata.str1.1)
    .L.str.15                                0x080048a5   Data          11  main.o(.rodata.str1.1)
    .L.str.13                                0x080048b0   Data          12  main.o(.rodata.str1.1)
    .L.str.18                                0x080048bc   Data          15  main.o(.rodata.str1.1)
    .L.str.12                                0x080048cb   Data          15  main.o(.rodata.str1.1)
    .L.str.1                                 0x080048da   Data          15  main.o(.rodata.str1.1)
    .L.str.7                                 0x080048e9   Data          16  main.o(.rodata.str1.1)
    .L.str.5                                 0x080048f9   Data           9  main.o(.rodata.str1.1)
    .L.str                                   0x08004902   Data          16  main.o(.rodata.str1.1)
    .L.str.2                                 0x08004912   Data          15  main.o(.rodata.str1.1)
    .L.str.10                                0x08004921   Data          12  main.o(.rodata.str1.1)
    .L.str.17                                0x0800492d   Data          14  main.o(.rodata.str1.1)
    locale$$data                             0x0800495c   Section       28  lc_numeric_c.o(locale$$data)
    __lcnum_c_name                           0x08004960   Data           2  lc_numeric_c.o(locale$$data)
    __lcnum_c_start                          0x08004968   Data           0  lc_numeric_c.o(locale$$data)
    __lcnum_c_point                          0x08004974   Data           0  lc_numeric_c.o(locale$$data)
    __lcnum_c_thousands                      0x08004976   Data           0  lc_numeric_c.o(locale$$data)
    __lcnum_c_grouping                       0x08004977   Data           0  lc_numeric_c.o(locale$$data)
    __lcnum_c_end                            0x08004978   Data           0  lc_numeric_c.o(locale$$data)
    locale$$data                             0x08004978   Section      272  lc_ctype_c.o(locale$$data)
    __lcctype_c_name                         0x0800497c   Data           2  lc_ctype_c.o(locale$$data)
    __lcctype_c_start                        0x08004984   Data           0  lc_ctype_c.o(locale$$data)
    __lcctype_c_end                          0x08004a88   Data           0  lc_ctype_c.o(locale$$data)
    MasterCardID                             0x20000000   Data           5  main.o(.data.MasterCardID)
    [Anonymous Symbol]                       0x20000000   Section        0  main.o(.data.MasterCardID)
    SectorActive                             0x20000006   Data           2  main.o(.data.SectorActive)
    [Anonymous Symbol]                       0x20000006   Section        0  main.o(.data.SectorActive)
    special1                                 0x20000008   Data           8  liquidcrystal_i2c.o(.data.special1)
    [Anonymous Symbol]                       0x20000008   Section        0  liquidcrystal_i2c.o(.data.special1)
    special2                                 0x20000010   Data           8  liquidcrystal_i2c.o(.data.special2)
    [Anonymous Symbol]                       0x20000010   Section        0  liquidcrystal_i2c.o(.data.special2)
    .bss                                     0x20000018   Section       96  libspace.o(.bss)
    CardID                                   0x20000078   Data           5  main.o(.bss.CardID)
    [Anonymous Symbol]                       0x20000078   Section        0  main.o(.bss.CardID)
    CardIDInfo                               0x2000007d   Data           1  main.o(.bss.CardIDInfo)
    [Anonymous Symbol]                       0x2000007d   Section        0  main.o(.bss.CardIDInfo)
    CardIDforce                              0x2000007e   Data           1  main.o(.bss.CardIDforce)
    [Anonymous Symbol]                       0x2000007e   Section        0  main.o(.bss.CardIDforce)
    CountStateMasterCard                     0x2000007f   Data           1  main.o(.bss.CountStateMasterCard)
    [Anonymous Symbol]                       0x2000007f   Section        0  main.o(.bss.CountStateMasterCard)
    SlaveCardID                              0x20000080   Data         250  main.o(.bss.SlaveCardID)
    [Anonymous Symbol]                       0x20000080   Section        0  main.o(.bss.SlaveCardID)
    dpBacklight                              0x2000017a   Data           1  liquidcrystal_i2c.o(.bss.dpBacklight)
    [Anonymous Symbol]                       0x2000017a   Section        0  liquidcrystal_i2c.o(.bss.dpBacklight)
    dpControl                                0x2000017b   Data           1  liquidcrystal_i2c.o(.bss.dpControl)
    [Anonymous Symbol]                       0x2000017b   Section        0  liquidcrystal_i2c.o(.bss.dpControl)
    dpFunction                               0x2000017c   Data           1  liquidcrystal_i2c.o(.bss.dpFunction)
    [Anonymous Symbol]                       0x2000017c   Section        0  liquidcrystal_i2c.o(.bss.dpFunction)
    dpMode                                   0x2000017d   Data           1  liquidcrystal_i2c.o(.bss.dpMode)
    [Anonymous Symbol]                       0x2000017d   Section        0  liquidcrystal_i2c.o(.bss.dpMode)
    dpRows                                   0x2000017e   Data           1  liquidcrystal_i2c.o(.bss.dpRows)
    [Anonymous Symbol]                       0x2000017e   Section        0  liquidcrystal_i2c.o(.bss.dpRows)
    s32PeopleInRoom                          0x20000180   Data           4  main.o(.bss.s32PeopleInRoom)
    [Anonymous Symbol]                       0x20000180   Section        0  main.o(.bss.s32PeopleInRoom)
    s8Time                                   0x20000184   Data           1  main.o(.bss.s8Time)
    [Anonymous Symbol]                       0x20000184   Section        0  main.o(.bss.s8Time)
    u32CheckAtive                            0x20000186   Data           2  main.o(.bss.u32CheckAtive)
    [Anonymous Symbol]                       0x20000186   Section        0  main.o(.bss.u32CheckAtive)
    Heap_Mem                                 0x20000188   Data         512  startup_stm32f10x_md.o(HEAP)
    HEAP                                     0x20000188   Section      512  startup_stm32f10x_md.o(HEAP)
    Stack_Mem                                0x20000388   Data        1024  startup_stm32f10x_md.o(STACK)
    STACK                                    0x20000388   Section     1024  startup_stm32f10x_md.o(STACK)
    __initial_sp                             0x20000788   Data           0  startup_stm32f10x_md.o(STACK)

    Global Symbols

    Symbol Name                              Value     Ov Type        Size  Object(Section)

    BuildAttributes$$THM_ISAv4$P$D$K$B$S$PE$A:L22UL41UL21$X:L11$S22US41US21$IEEE1$IW$~IW$USESV6$~STKCKD$USESV7$~SHL$OTIME$ROPI$IEEEJ$EBA8$UX$STANDARDLIB$REQ8$PRES8$EABIv2 0x00000000   Number         0  anon$$obj.o ABSOLUTE
    __fp_init_empty                          0x00000000   Number         0  fpinit_empty.o ABSOLUTE
    _printf_flags                            0x00000000   Number         0  printf_stubs.o ABSOLUTE
    _printf_return_value                     0x00000000   Number         0  printf_stubs.o ABSOLUTE
    _printf_sizespec                         0x00000000   Number         0  printf_stubs.o ABSOLUTE
    _printf_widthprec                        0x00000000   Number         0  printf_stubs.o ABSOLUTE
    __ARM_exceptions_init                     - Undefined Weak Reference
    __alloca_initialize                       - Undefined Weak Reference
    __arm_preinit_                            - Undefined Weak Reference
    __arm_relocate_pie_                       - Undefined Weak Reference
    __cpp_initialize__aeabi_                  - Undefined Weak Reference
    __cxa_finalize                            - Undefined Weak Reference
    __sigvec_lookup                           - Undefined Weak Reference
    _atexit_init                              - Undefined Weak Reference
    _call_atexit_fns                          - Undefined Weak Reference
    _clock_init                               - Undefined Weak Reference
    _fp_trap_init                             - Undefined Weak Reference
    _fp_trap_shutdown                         - Undefined Weak Reference
    _get_lc_collate                           - Undefined Weak Reference
    _get_lc_monetary                          - Undefined Weak Reference
    _get_lc_time                              - Undefined Weak Reference
    _getenv_init                              - Undefined Weak Reference
    _handle_redirection                       - Undefined Weak Reference
    _init_alloc                               - Undefined Weak Reference
    _init_user_alloc                          - Undefined Weak Reference
    _initio                                   - Undefined Weak Reference
    _printf_mbtowc                            - Undefined Weak Reference
    _printf_wc                                - Undefined Weak Reference
    _rand_init                                - Undefined Weak Reference
    _signal_finish                            - Undefined Weak Reference
    _signal_init                              - Undefined Weak Reference
    _terminate_alloc                          - Undefined Weak Reference
    _terminate_user_alloc                     - Undefined Weak Reference
    _terminateio                              - Undefined Weak Reference
    __Vectors_Size                           0x000000ec   Number         0  startup_stm32f10x_md.o ABSOLUTE
    __Vectors                                0x08000000   Data           4  startup_stm32f10x_md.o(RESET)
    __Vectors_End                            0x080000ec   Data           0  startup_stm32f10x_md.o(RESET)
    __main                                   0x080000ed   Thumb Code     8  __main.o(!!!main)
    __scatterload                            0x080000f5   Thumb Code     0  __scatter.o(!!!scatter)
    __scatterload_rt2                        0x080000f5   Thumb Code    44  __scatter.o(!!!scatter)
    __scatterload_rt2_thumb_only             0x080000f5   Thumb Code     0  __scatter.o(!!!scatter)
    __scatterload_null                       0x08000103   Thumb Code     0  __scatter.o(!!!scatter)
    __scatterload_copy                       0x08000129   Thumb Code    26  __scatter_copy.o(!!handler_copy)
    __scatterload_zeroinit                   0x08000145   Thumb Code    28  __scatter_zi.o(!!handler_zi)
    _printf_n                                0x08000161   Thumb Code     0  _printf_n.o(.ARM.Collect$$_printf_percent$$00000001)
    _printf_percent                          0x08000161   Thumb Code     0  _printf_percent.o(.ARM.Collect$$_printf_percent$$00000000)
    _printf_p                                0x08000167   Thumb Code     0  _printf_p.o(.ARM.Collect$$_printf_percent$$00000002)
    _printf_f                                0x0800016d   Thumb Code     0  _printf_f.o(.ARM.Collect$$_printf_percent$$00000003)
    _printf_e                                0x08000173   Thumb Code     0  _printf_e.o(.ARM.Collect$$_printf_percent$$00000004)
    _printf_g                                0x08000179   Thumb Code     0  _printf_g.o(.ARM.Collect$$_printf_percent$$00000005)
    _printf_a                                0x0800017f   Thumb Code     0  _printf_a.o(.ARM.Collect$$_printf_percent$$00000006)
    _printf_ll                               0x08000185   Thumb Code     0  _printf_ll.o(.ARM.Collect$$_printf_percent$$00000007)
    _printf_i                                0x0800018f   Thumb Code     0  _printf_i.o(.ARM.Collect$$_printf_percent$$00000008)
    _printf_d                                0x08000195   Thumb Code     0  _printf_d.o(.ARM.Collect$$_printf_percent$$00000009)
    _printf_u                                0x0800019b   Thumb Code     0  _printf_u.o(.ARM.Collect$$_printf_percent$$0000000A)
    _printf_o                                0x080001a1   Thumb Code     0  _printf_o.o(.ARM.Collect$$_printf_percent$$0000000B)
    _printf_x                                0x080001a7   Thumb Code     0  _printf_x.o(.ARM.Collect$$_printf_percent$$0000000C)
    _printf_lli                              0x080001ad   Thumb Code     0  _printf_lli.o(.ARM.Collect$$_printf_percent$$0000000D)
    _printf_lld                              0x080001b3   Thumb Code     0  _printf_lld.o(.ARM.Collect$$_printf_percent$$0000000E)
    _printf_llu                              0x080001b9   Thumb Code     0  _printf_llu.o(.ARM.Collect$$_printf_percent$$0000000F)
    _printf_llo                              0x080001bf   Thumb Code     0  _printf_llo.o(.ARM.Collect$$_printf_percent$$00000010)
    _printf_llx                              0x080001c5   Thumb Code     0  _printf_llx.o(.ARM.Collect$$_printf_percent$$00000011)
    _printf_l                                0x080001cb   Thumb Code     0  _printf_l.o(.ARM.Collect$$_printf_percent$$00000012)
    _printf_c                                0x080001d5   Thumb Code     0  _printf_c.o(.ARM.Collect$$_printf_percent$$00000013)
    _printf_s                                0x080001db   Thumb Code     0  _printf_s.o(.ARM.Collect$$_printf_percent$$00000014)
    _printf_lc                               0x080001e1   Thumb Code     0  _printf_lc.o(.ARM.Collect$$_printf_percent$$00000015)
    _printf_ls                               0x080001e7   Thumb Code     0  _printf_ls.o(.ARM.Collect$$_printf_percent$$00000016)
    _printf_percent_end                      0x080001ed   Thumb Code     0  _printf_percent_end.o(.ARM.Collect$$_printf_percent$$00000017)
    __rt_lib_init                            0x080001f1   Thumb Code     0  libinit.o(.ARM.Collect$$libinit$$00000000)
    __rt_lib_init_fp_1                       0x080001f3   Thumb Code     0  libinit2.o(.ARM.Collect$$libinit$$00000002)
    __rt_lib_init_heap_1                     0x080001f3   Thumb Code     0  libinit2.o(.ARM.Collect$$libinit$$0000000C)
    __rt_lib_init_lc_common                  0x080001f3   Thumb Code     0  libinit2.o(.ARM.Collect$$libinit$$00000011)
    __rt_lib_init_preinit_1                  0x080001f3   Thumb Code     0  libinit2.o(.ARM.Collect$$libinit$$00000006)
    __rt_lib_init_rand_1                     0x080001f3   Thumb Code     0  libinit2.o(.ARM.Collect$$libinit$$00000010)
    __rt_lib_init_relocate_pie_1             0x080001f3   Thumb Code     0  libinit2.o(.ARM.Collect$$libinit$$00000004)
    __rt_lib_init_user_alloc_1               0x080001f3   Thumb Code     0  libinit2.o(.ARM.Collect$$libinit$$0000000E)
    __rt_lib_init_lc_collate_1               0x080001f9   Thumb Code     0  libinit2.o(.ARM.Collect$$libinit$$00000013)
    __rt_lib_init_lc_ctype_2                 0x080001f9   Thumb Code     0  libinit2.o(.ARM.Collect$$libinit$$00000014)
    __rt_lib_init_lc_ctype_1                 0x08000205   Thumb Code     0  libinit2.o(.ARM.Collect$$libinit$$00000015)
    __rt_lib_init_lc_monetary_1              0x08000205   Thumb Code     0  libinit2.o(.ARM.Collect$$libinit$$00000017)
    __rt_lib_init_lc_numeric_2               0x08000205   Thumb Code     0  libinit2.o(.ARM.Collect$$libinit$$00000018)
    __rt_lib_init_alloca_1                   0x0800020f   Thumb Code     0  libinit2.o(.ARM.Collect$$libinit$$00000030)
    __rt_lib_init_argv_1                     0x0800020f   Thumb Code     0  libinit2.o(.ARM.Collect$$libinit$$0000002E)
    __rt_lib_init_atexit_1                   0x0800020f   Thumb Code     0  libinit2.o(.ARM.Collect$$libinit$$0000001D)
    __rt_lib_init_clock_1                    0x0800020f   Thumb Code     0  libinit2.o(.ARM.Collect$$libinit$$00000023)
    __rt_lib_init_cpp_1                      0x0800020f   Thumb Code     0  libinit2.o(.ARM.Collect$$libinit$$00000034)
    __rt_lib_init_exceptions_1               0x0800020f   Thumb Code     0  libinit2.o(.ARM.Collect$$libinit$$00000032)
    __rt_lib_init_fp_trap_1                  0x0800020f   Thumb Code     0  libinit2.o(.ARM.Collect$$libinit$$00000021)
    __rt_lib_init_getenv_1                   0x0800020f   Thumb Code     0  libinit2.o(.ARM.Collect$$libinit$$00000025)
    __rt_lib_init_lc_numeric_1               0x0800020f   Thumb Code     0  libinit2.o(.ARM.Collect$$libinit$$00000019)
    __rt_lib_init_lc_time_1                  0x0800020f   Thumb Code     0  libinit2.o(.ARM.Collect$$libinit$$0000001B)
    __rt_lib_init_return                     0x0800020f   Thumb Code     0  libinit2.o(.ARM.Collect$$libinit$$00000035)
    __rt_lib_init_signal_1                   0x0800020f   Thumb Code     0  libinit2.o(.ARM.Collect$$libinit$$0000001F)
    __rt_lib_init_stdio_1                    0x0800020f   Thumb Code     0  libinit2.o(.ARM.Collect$$libinit$$00000027)
    __rt_lib_shutdown                        0x08000211   Thumb Code     0  libshutdown.o(.ARM.Collect$$libshutdown$$00000000)
    __rt_lib_shutdown_cpp_1                  0x08000213   Thumb Code     0  libshutdown2.o(.ARM.Collect$$libshutdown$$00000002)
    __rt_lib_shutdown_fp_trap_1              0x08000213   Thumb Code     0  libshutdown2.o(.ARM.Collect$$libshutdown$$00000007)
    __rt_lib_shutdown_heap_1                 0x08000213   Thumb Code     0  libshutdown2.o(.ARM.Collect$$libshutdown$$0000000F)
    __rt_lib_shutdown_return                 0x08000213   Thumb Code     0  libshutdown2.o(.ARM.Collect$$libshutdown$$00000010)
    __rt_lib_shutdown_signal_1               0x08000213   Thumb Code     0  libshutdown2.o(.ARM.Collect$$libshutdown$$0000000A)
    __rt_lib_shutdown_stdio_1                0x08000213   Thumb Code     0  libshutdown2.o(.ARM.Collect$$libshutdown$$00000004)
    __rt_lib_shutdown_user_alloc_1           0x08000213   Thumb Code     0  libshutdown2.o(.ARM.Collect$$libshutdown$$0000000C)
    __rt_entry                               0x08000215   Thumb Code     0  __rtentry.o(.ARM.Collect$$rtentry$$00000000)
    __rt_entry_presh_1                       0x08000215   Thumb Code     0  __rtentry2.o(.ARM.Collect$$rtentry$$00000002)
    __rt_entry_sh                            0x08000215   Thumb Code     0  __rtentry4.o(.ARM.Collect$$rtentry$$00000004)
    __rt_entry_li                            0x0800021b   Thumb Code     0  __rtentry2.o(.ARM.Collect$$rtentry$$0000000A)
    __rt_entry_postsh_1                      0x0800021b   Thumb Code     0  __rtentry2.o(.ARM.Collect$$rtentry$$00000009)
    __rt_entry_main                          0x0800021f   Thumb Code     0  __rtentry2.o(.ARM.Collect$$rtentry$$0000000D)
    __rt_entry_postli_1                      0x0800021f   Thumb Code     0  __rtentry2.o(.ARM.Collect$$rtentry$$0000000C)
    __rt_exit                                0x08000227   Thumb Code     0  rtexit.o(.ARM.Collect$$rtexit$$00000000)
    __rt_exit_ls                             0x08000229   Thumb Code     0  rtexit2.o(.ARM.Collect$$rtexit$$00000003)
    __rt_exit_prels_1                        0x08000229   Thumb Code     0  rtexit2.o(.ARM.Collect$$rtexit$$00000002)
    __rt_exit_exit                           0x0800022d   Thumb Code     0  rtexit2.o(.ARM.Collect$$rtexit$$00000004)
    Reset_Handler                            0x08000235   Thumb Code     8  startup_stm32f10x_md.o(.text)
    NMI_Handler                              0x0800023d   Thumb Code     2  startup_stm32f10x_md.o(.text)
    HardFault_Handler                        0x0800023f   Thumb Code     2  startup_stm32f10x_md.o(.text)
    MemManage_Handler                        0x08000241   Thumb Code     2  startup_stm32f10x_md.o(.text)
    BusFault_Handler                         0x08000243   Thumb Code     2  startup_stm32f10x_md.o(.text)
    UsageFault_Handler                       0x08000245   Thumb Code     2  startup_stm32f10x_md.o(.text)
    SVC_Handler                              0x08000247   Thumb Code     2  startup_stm32f10x_md.o(.text)
    DebugMon_Handler                         0x08000249   Thumb Code     2  startup_stm32f10x_md.o(.text)
    PendSV_Handler                           0x0800024b   Thumb Code     2  startup_stm32f10x_md.o(.text)
    SysTick_Handler                          0x0800024d   Thumb Code     2  startup_stm32f10x_md.o(.text)
    ADC1_2_IRQHandler                        0x0800024f   Thumb Code     0  startup_stm32f10x_md.o(.text)
    CAN1_RX1_IRQHandler                      0x0800024f   Thumb Code     0  startup_stm32f10x_md.o(.text)
    CAN1_SCE_IRQHandler                      0x0800024f   Thumb Code     0  startup_stm32f10x_md.o(.text)
    DMA1_Channel1_IRQHandler                 0x0800024f   Thumb Code     0  startup_stm32f10x_md.o(.text)
    DMA1_Channel2_IRQHandler                 0x0800024f   Thumb Code     0  startup_stm32f10x_md.o(.text)
    DMA1_Channel3_IRQHandler                 0x0800024f   Thumb Code     0  startup_stm32f10x_md.o(.text)
    DMA1_Channel4_IRQHandler                 0x0800024f   Thumb Code     0  startup_stm32f10x_md.o(.text)
    DMA1_Channel5_IRQHandler                 0x0800024f   Thumb Code     0  startup_stm32f10x_md.o(.text)
    DMA1_Channel6_IRQHandler                 0x0800024f   Thumb Code     0  startup_stm32f10x_md.o(.text)
    DMA1_Channel7_IRQHandler                 0x0800024f   Thumb Code     0  startup_stm32f10x_md.o(.text)
    EXTI0_IRQHandler                         0x0800024f   Thumb Code     0  startup_stm32f10x_md.o(.text)
    EXTI15_10_IRQHandler                     0x0800024f   Thumb Code     0  startup_stm32f10x_md.o(.text)
    EXTI1_IRQHandler                         0x0800024f   Thumb Code     0  startup_stm32f10x_md.o(.text)
    EXTI2_IRQHandler                         0x0800024f   Thumb Code     0  startup_stm32f10x_md.o(.text)
    EXTI3_IRQHandler                         0x0800024f   Thumb Code     0  startup_stm32f10x_md.o(.text)
    EXTI4_IRQHandler                         0x0800024f   Thumb Code     0  startup_stm32f10x_md.o(.text)
    EXTI9_5_IRQHandler                       0x0800024f   Thumb Code     0  startup_stm32f10x_md.o(.text)
    FLASH_IRQHandler                         0x0800024f   Thumb Code     0  startup_stm32f10x_md.o(.text)
    I2C1_ER_IRQHandler                       0x0800024f   Thumb Code     0  startup_stm32f10x_md.o(.text)
    I2C1_EV_IRQHandler                       0x0800024f   Thumb Code     0  startup_stm32f10x_md.o(.text)
    I2C2_ER_IRQHandler                       0x0800024f   Thumb Code     0  startup_stm32f10x_md.o(.text)
    I2C2_EV_IRQHandler                       0x0800024f   Thumb Code     0  startup_stm32f10x_md.o(.text)
    PVD_IRQHandler                           0x0800024f   Thumb Code     0  startup_stm32f10x_md.o(.text)
    RCC_IRQHandler                           0x0800024f   Thumb Code     0  startup_stm32f10x_md.o(.text)
    RTCAlarm_IRQHandler                      0x0800024f   Thumb Code     0  startup_stm32f10x_md.o(.text)
    RTC_IRQHandler                           0x0800024f   Thumb Code     0  startup_stm32f10x_md.o(.text)
    SPI1_IRQHandler                          0x0800024f   Thumb Code     0  startup_stm32f10x_md.o(.text)
    SPI2_IRQHandler                          0x0800024f   Thumb Code     0  startup_stm32f10x_md.o(.text)
    TAMPER_IRQHandler                        0x0800024f   Thumb Code     0  startup_stm32f10x_md.o(.text)
    TIM1_BRK_IRQHandler                      0x0800024f   Thumb Code     0  startup_stm32f10x_md.o(.text)
    TIM1_CC_IRQHandler                       0x0800024f   Thumb Code     0  startup_stm32f10x_md.o(.text)
    TIM1_TRG_COM_IRQHandler                  0x0800024f   Thumb Code     0  startup_stm32f10x_md.o(.text)
    TIM1_UP_IRQHandler                       0x0800024f   Thumb Code     0  startup_stm32f10x_md.o(.text)
    TIM3_IRQHandler                          0x0800024f   Thumb Code     0  startup_stm32f10x_md.o(.text)
    TIM4_IRQHandler                          0x0800024f   Thumb Code     0  startup_stm32f10x_md.o(.text)
    USART1_IRQHandler                        0x0800024f   Thumb Code     0  startup_stm32f10x_md.o(.text)
    USART2_IRQHandler                        0x0800024f   Thumb Code     0  startup_stm32f10x_md.o(.text)
    USART3_IRQHandler                        0x0800024f   Thumb Code     0  startup_stm32f10x_md.o(.text)
    USBWakeUp_IRQHandler                     0x0800024f   Thumb Code     0  startup_stm32f10x_md.o(.text)
    USB_HP_CAN1_TX_IRQHandler                0x0800024f   Thumb Code     0  startup_stm32f10x_md.o(.text)
    USB_LP_CAN1_RX0_IRQHandler               0x0800024f   Thumb Code     0  startup_stm32f10x_md.o(.text)
    WWDG_IRQHandler                          0x0800024f   Thumb Code     0  startup_stm32f10x_md.o(.text)
    __user_initial_stackheap                 0x08000251   Thumb Code     0  startup_stm32f10x_md.o(.text)
    sprintf                                  0x08000275   Thumb Code    38  sprintf.o(.text)
    __use_two_region_memory                  0x080002a1   Thumb Code     2  heapauxi.o(.text)
    __rt_heap_escrow$2region                 0x080002a3   Thumb Code     2  heapauxi.o(.text)
    __rt_heap_expand$2region                 0x080002a5   Thumb Code     2  heapauxi.o(.text)
    _printf_pre_padding                      0x080002a7   Thumb Code    44  _printf_pad.o(.text)
    _printf_post_padding                     0x080002d3   Thumb Code    34  _printf_pad.o(.text)
    _printf_truncate_signed                  0x080002f5   Thumb Code    18  _printf_truncate.o(.text)
    _printf_truncate_unsigned                0x08000307   Thumb Code    18  _printf_truncate.o(.text)
    _printf_str                              0x08000319   Thumb Code    82  _printf_str.o(.text)
    _printf_int_dec                          0x0800036d   Thumb Code   104  _printf_dec.o(.text)
    _printf_charcount                        0x080003e5   Thumb Code    40  _printf_charcount.o(.text)
    _printf_char_common                      0x08000417   Thumb Code    32  _printf_char_common.o(.text)
    _sputc                                   0x0800043d   Thumb Code    10  _sputc.o(.text)
    _printf_wctomb                           0x08000449   Thumb Code   182  _printf_wctomb.o(.text)
    _printf_longlong_dec                     0x08000505   Thumb Code   108  _printf_longlong_dec.o(.text)
    _printf_longlong_oct                     0x08000581   Thumb Code    68  _printf_oct_int_ll.o(.text)
    _printf_int_oct                          0x080005c5   Thumb Code    24  _printf_oct_int_ll.o(.text)
    _printf_ll_oct                           0x080005dd   Thumb Code    12  _printf_oct_int_ll.o(.text)
    _printf_longlong_hex                     0x080005f1   Thumb Code    86  _printf_hex_int_ll_ptr.o(.text)
    _printf_int_hex                          0x08000647   Thumb Code    28  _printf_hex_int_ll_ptr.o(.text)
    _printf_ll_hex                           0x08000663   Thumb Code    12  _printf_hex_int_ll_ptr.o(.text)
    _printf_hex_ptr                          0x0800066f   Thumb Code    18  _printf_hex_int_ll_ptr.o(.text)
    __printf                                 0x08000685   Thumb Code   388  __printf_flags_ss_wp.o(.text)
    _ll_udiv10                               0x0800080d   Thumb Code   138  lludiv10.o(.text)
    _printf_int_common                       0x08000897   Thumb Code   178  _printf_intcommon.o(.text)
    _printf_fp_dec_real                      0x08000af9   Thumb Code   620  _printf_fp_dec.o(.text)
    _printf_fp_hex_real                      0x08000d65   Thumb Code   756  _printf_fp_hex.o(.text)
    _printf_cs_common                        0x08001061   Thumb Code    20  _printf_char.o(.text)
    _printf_char                             0x08001075   Thumb Code    16  _printf_char.o(.text)
    _printf_string                           0x08001085   Thumb Code     8  _printf_char.o(.text)
    _printf_lcs_common                       0x0800108d   Thumb Code    20  _printf_wchar.o(.text)
    _printf_wchar                            0x080010a1   Thumb Code    16  _printf_wchar.o(.text)
    _printf_wstring                          0x080010b1   Thumb Code     8  _printf_wchar.o(.text)
    _c16rtomb                                0x080010b9   Thumb Code    72  _c16rtomb.o(.text)
    _wcrtomb                                 0x080010b9   Thumb Code     0  _c16rtomb.o(.text)
    __user_setup_stackheap                   0x08001101   Thumb Code    74  sys_stackheap_outer.o(.text)
    __rt_ctype_table                         0x0800114d   Thumb Code    16  rt_ctype_table.o(.text)
    __rt_locale                              0x0800115d   Thumb Code     8  rt_locale_intlibspace.o(.text)
    _printf_fp_infnan                        0x08001165   Thumb Code   112  _printf_fp_infnan.o(.text)
    _btod_etento                             0x080011e5   Thumb Code   224  bigflt0.o(.text)
    exit                                     0x080012c9   Thumb Code    18  exit.o(.text)
    __user_libspace                          0x080012dd   Thumb Code     8  libspace.o(.text)
    __user_perproc_libspace                  0x080012dd   Thumb Code     0  libspace.o(.text)
    __user_perthread_libspace                0x080012dd   Thumb Code     0  libspace.o(.text)
    strcmp                                   0x080012e5   Thumb Code   128  strcmpv7m.o(.text)
    _sys_exit                                0x08001365   Thumb Code     8  sys_exit.o(.text)
    __I$use$semihosting                      0x08001371   Thumb Code     0  use_no_semi.o(.text)
    __use_no_semihosting_swi                 0x08001371   Thumb Code     2  use_no_semi.o(.text)
    __semihosting_library_function           0x08001373   Thumb Code     0  indicate_semi.o(.text)
    AddSlaveCard                             0x08001375   Thumb Code  1246  main.o(.text.AddSlaveCard)
    AntennaOn                                0x08001855   Thumb Code    30  stm32f1_rc522.o(.text.AntennaOn)
    CalulateCRC                              0x08001875   Thumb Code   180  stm32f1_rc522.o(.text.CalulateCRC)
    CheckInfoCardID                          0x08001929   Thumb Code   144  main.o(.text.CheckInfoCardID)
    ClearBitMask                             0x080019b9   Thumb Code    46  stm32f1_rc522.o(.text.ClearBitMask)
    Delay_Ms                                 0x080019e9   Thumb Code    88  liquidcrystal_i2c.o(.text.Delay_Ms)
    Delay_Us                                 0x08001a41   Thumb Code    82  liquidcrystal_i2c.o(.text.Delay_Us)
    Flash_Erase                              0x08001b41   Thumb Code   134  main.o(.text.Flash_Erase)
    Flash_Read                               0x08001bc9   Thumb Code   176  main.o(.text.Flash_Read)
    Flash_Unlock                             0x08001c79   Thumb Code    30  main.o(.text.Flash_Unlock)
    Flash_Write                              0x08001c99   Thumb Code   184  main.o(.text.Flash_Write)
    GPIO_Config                              0x08001d51   Thumb Code   158  main.o(.text.GPIO_Config)
    GPIO_Init                                0x08001df1   Thumb Code   390  stm32f10x_gpio.o(.text.GPIO_Init)
    GPIO_ReadInputDataBit                    0x08001f79   Thumb Code    52  stm32f10x_gpio.o(.text.GPIO_ReadInputDataBit)
    GPIO_ResetBits                           0x08001fad   Thumb Code    20  stm32f10x_gpio.o(.text.GPIO_ResetBits)
    GPIO_SetBits                             0x08001fc1   Thumb Code    20  stm32f10x_gpio.o(.text.GPIO_SetBits)
    GPIO_StructInit                          0x08001fd5   Thumb Code    28  stm32f10x_gpio.o(.text.GPIO_StructInit)
    GetPersonStatus                          0x08001ff1   Thumb Code   136  main.o(.text.GetPersonStatus)
    HD44780_Clear                            0x08002079   Thumb Code    18  liquidcrystal_i2c.o(.text.HD44780_Clear)
    HD44780_CreateSpecialChar                0x0800208d   Thumb Code    76  liquidcrystal_i2c.o(.text.HD44780_CreateSpecialChar)
    HD44780_Display                          0x080020d9   Thumb Code    30  liquidcrystal_i2c.o(.text.HD44780_Display)
    HD44780_Home                             0x080020f9   Thumb Code    18  liquidcrystal_i2c.o(.text.HD44780_Home)
    HD44780_Init                             0x0800210d   Thumb Code   268  liquidcrystal_i2c.o(.text.HD44780_Init)
    HD44780_PrintStr                         0x08002219   Thumb Code    34  liquidcrystal_i2c.o(.text.HD44780_PrintStr)
    HD44780_SetCursor                        0x0800223d   Thumb Code    96  liquidcrystal_i2c.o(.text.HD44780_SetCursor)
    I2C_CheckEvent                           0x0800229d   Thumb Code    84  stm32f10x_i2c.o(.text.I2C_CheckEvent)
    I2C_Cmd                                  0x080022f1   Thumb Code    44  stm32f10x_i2c.o(.text.I2C_Cmd)
    I2C_GenerateSTART                        0x0800231d   Thumb Code    44  stm32f10x_i2c.o(.text.I2C_GenerateSTART)
    I2C_GenerateSTOP                         0x08002349   Thumb Code    44  stm32f10x_i2c.o(.text.I2C_GenerateSTOP)
    I2C_Init                                 0x08002375   Thumb Code   426  stm32f10x_i2c.o(.text.I2C_Init)
    I2C_LCD_Configuration                    0x08002521   Thumb Code   144  main.o(.text.I2C_LCD_Configuration)
    I2C_Send7bitAddress                      0x080025b1   Thumb Code    60  stm32f10x_i2c.o(.text.I2C_Send7bitAddress)
    I2C_SendData                             0x080025ed   Thumb Code    20  stm32f10x_i2c.o(.text.I2C_SendData)
    I2C_StructInit                           0x08002601   Thumb Code    46  stm32f10x_i2c.o(.text.I2C_StructInit)
    MFRC522_Anticoll                         0x08002631   Thumb Code   146  stm32f1_rc522.o(.text.MFRC522_Anticoll)
    MFRC522_Halt                             0x080026c5   Thumb Code    50  stm32f1_rc522.o(.text.MFRC522_Halt)
    MFRC522_Init                             0x080026f9   Thumb Code   150  stm32f1_rc522.o(.text.MFRC522_Init)
    MFRC522_ReadCardID                       0x08002791   Thumb Code    50  stm32f1_rc522.o(.text.MFRC522_ReadCardID)
    MFRC522_Request                          0x080027c5   Thumb Code    80  stm32f1_rc522.o(.text.MFRC522_Request)
    MFRC522_Reset                            0x08002815   Thumb Code    12  stm32f1_rc522.o(.text.MFRC522_Reset)
    MFRC522_SPI_Init                         0x08002821   Thumb Code   136  stm32f1_rc522.o(.text.MFRC522_SPI_Init)
    MFRC522_ToCard                           0x080028a9   Thumb Code   510  stm32f1_rc522.o(.text.MFRC522_ToCard)
    OpendDoor                                0x08002aa9   Thumb Code   572  main.o(.text.OpendDoor)
    PWM_Init                                 0x08002ce5   Thumb Code   158  main.o(.text.PWM_Init)
    RC522_SPI_Transfer                       0x08002db9   Thumb Code    86  stm32f1_rc522.o(.text.RC522_SPI_Transfer)
    RCC_APB1PeriphClockCmd                   0x08002e11   Thumb Code    56  stm32f10x_rcc.o(.text.RCC_APB1PeriphClockCmd)
    RCC_APB2PeriphClockCmd                   0x08002e49   Thumb Code    56  stm32f10x_rcc.o(.text.RCC_APB2PeriphClockCmd)
    RCC_GetClocksFreq                        0x08002e81   Thumb Code   370  stm32f10x_rcc.o(.text.RCC_GetClocksFreq)
    ReadCardFromFlash                        0x08002ff5   Thumb Code   140  main.o(.text.ReadCardFromFlash)
    Read_MFRC522                             0x08003081   Thumb Code    70  stm32f1_rc522.o(.text.Read_MFRC522)
    RemoveSlaveCard                          0x080030c9   Thumb Code   954  main.o(.text.RemoveSlaveCard)
    SPI_Cmd                                  0x08003485   Thumb Code    44  stm32f10x_spi.o(.text.SPI_Cmd)
    SPI_I2S_GetFlagStatus                    0x080034b1   Thumb Code    54  stm32f10x_spi.o(.text.SPI_I2S_GetFlagStatus)
    SPI_I2S_ReceiveData                      0x080034e9   Thumb Code    12  stm32f10x_spi.o(.text.SPI_I2S_ReceiveData)
    SPI_I2S_SendData                         0x080034f5   Thumb Code    20  stm32f10x_spi.o(.text.SPI_I2S_SendData)
    SPI_Init                                 0x08003509   Thumb Code   104  stm32f10x_spi.o(.text.SPI_Init)
    SetBitMask                               0x080035e5   Thumb Code    46  stm32f1_rc522.o(.text.SetBitMask)
    SystemInit                               0x08003741   Thumb Code   102  system_stm32f10x.o(.text.SystemInit)
    TIM2_IRQHandler                          0x080037a9   Thumb Code    60  main.o(.text.TIM2_IRQHandler)
    TIM_Cmd                                  0x080037e5   Thumb Code    44  stm32f10x_tim.o(.text.TIM_Cmd)
    TIM_OC4Init                              0x08003811   Thumb Code   238  stm32f10x_tim.o(.text.TIM_OC4Init)
    TIM_OC4PreloadConfig                     0x08003901   Thumb Code    62  stm32f10x_tim.o(.text.TIM_OC4PreloadConfig)
    TIM_TimeBaseInit                         0x08003941   Thumb Code   322  stm32f10x_tim.o(.text.TIM_TimeBaseInit)
    Timer2RegisterInterupt                   0x08003a85   Thumb Code   116  main.o(.text.Timer2RegisterInterupt)
    Write_MFRC522                            0x08003b15   Thumb Code    66  stm32f1_rc522.o(.text.Write_MFRC522)
    main                                     0x08003b59   Thumb Code   938  main.o(.text.main)
    _btod_d2e                                0x08003f03   Thumb Code    62  btod.o(CL$$btod_d2e)
    _d2e_denorm_low                          0x08003f41   Thumb Code    70  btod.o(CL$$btod_d2e_denorm_low)
    _d2e_norm_op1                            0x08003f87   Thumb Code    96  btod.o(CL$$btod_d2e_norm_op1)
    __btod_div_common                        0x08003fe9   Thumb Code   696  btod.o(CL$$btod_div_common)
    _e2e                                     0x08004321   Thumb Code   220  btod.o(CL$$btod_e2e)
    _btod_ediv                               0x080043fd   Thumb Code    42  btod.o(CL$$btod_ediv)
    _btod_emul                               0x08004427   Thumb Code    42  btod.o(CL$$btod_emul)
    __btod_mult_common                       0x08004451   Thumb Code   580  btod.o(CL$$btod_mult_common)
    __ARM_fpclassify                         0x08004695   Thumb Code    40  fpclassify.o(i.__ARM_fpclassify)
    _is_digit                                0x080046bd   Thumb Code    14  __printf_wp.o(i._is_digit)
    _get_lc_numeric                          0x080046cd   Thumb Code    44  lc_numeric_c.o(locale$$code)
    _get_lc_ctype                            0x080046f9   Thumb Code    44  lc_ctype_c.o(locale$$code)
    _printf_fp_dec                           0x08004725   Thumb Code     4  printf1.o(x$fpl$printf1)
    _printf_fp_hex                           0x08004729   Thumb Code     4  printf2.o(x$fpl$printf2)
    __I$use$fp                               0x0800472c   Number         0  usenofp.o(x$fpl$usenofp)
    Region$$Table$$Base                      0x0800493c   Number         0  anon$$obj.o(Region$$Table)
    Region$$Table$$Limit                     0x0800495c   Number         0  anon$$obj.o(Region$$Table)
    __ctype                                  0x08004985   Data           0  lc_ctype_c.o(locale$$data)
    __libspace_start                         0x20000018   Data          96  libspace.o(.bss)
    __temporary_stack_top$libspace           0x20000078   Data           0  libspace.o(.bss)



==============================================================================

Memory Map of the image

  Image Entry point : 0x08000235

  Load Region LR_1 (Base: 0x08000000, Size: 0x00004aa0, Max: 0xffffffff, ABSOLUTE)

    Execution Region ER_RO (Exec base: 0x08000000, Load base: 0x08000000, Size: 0x00004a88, Max: 0xffffffff, ABSOLUTE)

    Exec Addr    Load Addr    Size         Type   Attr      Idx    E Section Name        Object

    0x08000000   0x08000000   0x000000ec   Data   RO          705    RESET               startup_stm32f10x_md.o
    0x080000ec   0x080000ec   0x00000008   Code   RO          735  * !!!main             c_w.l(__main.o)
    0x080000f4   0x080000f4   0x00000034   Code   RO         1072    !!!scatter          c_w.l(__scatter.o)
    0x08000128   0x08000128   0x0000001a   Code   RO         1074    !!handler_copy      c_w.l(__scatter_copy.o)
    0x08000142   0x08000142   0x00000002   PAD
    0x08000144   0x08000144   0x0000001c   Code   RO         1076    !!handler_zi        c_w.l(__scatter_zi.o)
    0x08000160   0x08000160   0x00000000   Code   RO          819    .ARM.Collect$$_printf_percent$$00000000  c_w.l(_printf_percent.o)
    0x08000160   0x08000160   0x00000006   Code   RO          808    .ARM.Collect$$_printf_percent$$00000001  c_w.l(_printf_n.o)
    0x08000166   0x08000166   0x00000006   Code   RO          810    .ARM.Collect$$_printf_percent$$00000002  c_w.l(_printf_p.o)
    0x0800016c   0x0800016c   0x00000006   Code   RO          815    .ARM.Collect$$_printf_percent$$00000003  c_w.l(_printf_f.o)
    0x08000172   0x08000172   0x00000006   Code   RO          816    .ARM.Collect$$_printf_percent$$00000004  c_w.l(_printf_e.o)
    0x08000178   0x08000178   0x00000006   Code   RO          817    .ARM.Collect$$_printf_percent$$00000005  c_w.l(_printf_g.o)
    0x0800017e   0x0800017e   0x00000006   Code   RO          818    .ARM.Collect$$_printf_percent$$00000006  c_w.l(_printf_a.o)
    0x08000184   0x08000184   0x0000000a   Code   RO          823    .ARM.Collect$$_printf_percent$$00000007  c_w.l(_printf_ll.o)
    0x0800018e   0x0800018e   0x00000006   Code   RO          812    .ARM.Collect$$_printf_percent$$00000008  c_w.l(_printf_i.o)
    0x08000194   0x08000194   0x00000006   Code   RO          813    .ARM.Collect$$_printf_percent$$00000009  c_w.l(_printf_d.o)
    0x0800019a   0x0800019a   0x00000006   Code   RO          814    .ARM.Collect$$_printf_percent$$0000000A  c_w.l(_printf_u.o)
    0x080001a0   0x080001a0   0x00000006   Code   RO          811    .ARM.Collect$$_printf_percent$$0000000B  c_w.l(_printf_o.o)
    0x080001a6   0x080001a6   0x00000006   Code   RO          809    .ARM.Collect$$_printf_percent$$0000000C  c_w.l(_printf_x.o)
    0x080001ac   0x080001ac   0x00000006   Code   RO          820    .ARM.Collect$$_printf_percent$$0000000D  c_w.l(_printf_lli.o)
    0x080001b2   0x080001b2   0x00000006   Code   RO          821    .ARM.Collect$$_printf_percent$$0000000E  c_w.l(_printf_lld.o)
    0x080001b8   0x080001b8   0x00000006   Code   RO          822    .ARM.Collect$$_printf_percent$$0000000F  c_w.l(_printf_llu.o)
    0x080001be   0x080001be   0x00000006   Code   RO          827    .ARM.Collect$$_printf_percent$$00000010  c_w.l(_printf_llo.o)
    0x080001c4   0x080001c4   0x00000006   Code   RO          828    .ARM.Collect$$_printf_percent$$00000011  c_w.l(_printf_llx.o)
    0x080001ca   0x080001ca   0x0000000a   Code   RO          824    .ARM.Collect$$_printf_percent$$00000012  c_w.l(_printf_l.o)
    0x080001d4   0x080001d4   0x00000006   Code   RO          806    .ARM.Collect$$_printf_percent$$00000013  c_w.l(_printf_c.o)
    0x080001da   0x080001da   0x00000006   Code   RO          807    .ARM.Collect$$_printf_percent$$00000014  c_w.l(_printf_s.o)
    0x080001e0   0x080001e0   0x00000006   Code   RO          825    .ARM.Collect$$_printf_percent$$00000015  c_w.l(_printf_lc.o)
    0x080001e6   0x080001e6   0x00000006   Code   RO          826    .ARM.Collect$$_printf_percent$$00000016  c_w.l(_printf_ls.o)
    0x080001ec   0x080001ec   0x00000004   Code   RO          869    .ARM.Collect$$_printf_percent$$00000017  c_w.l(_printf_percent_end.o)
    0x080001f0   0x080001f0   0x00000002   Code   RO          920    .ARM.Collect$$libinit$$00000000  c_w.l(libinit.o)
    0x080001f2   0x080001f2   0x00000000   Code   RO          939    .ARM.Collect$$libinit$$00000002  c_w.l(libinit2.o)
    0x080001f2   0x080001f2   0x00000000   Code   RO          941    .ARM.Collect$$libinit$$00000004  c_w.l(libinit2.o)
    0x080001f2   0x080001f2   0x00000000   Code   RO          943    .ARM.Collect$$libinit$$00000006  c_w.l(libinit2.o)
    0x080001f2   0x080001f2   0x00000000   Code   RO          946    .ARM.Collect$$libinit$$0000000C  c_w.l(libinit2.o)
    0x080001f2   0x080001f2   0x00000000   Code   RO          948    .ARM.Collect$$libinit$$0000000E  c_w.l(libinit2.o)
    0x080001f2   0x080001f2   0x00000000   Code   RO          950    .ARM.Collect$$libinit$$00000010  c_w.l(libinit2.o)
    0x080001f2   0x080001f2   0x00000006   Code   RO          951    .ARM.Collect$$libinit$$00000011  c_w.l(libinit2.o)
    0x080001f8   0x080001f8   0x00000000   Code   RO          953    .ARM.Collect$$libinit$$00000013  c_w.l(libinit2.o)
    0x080001f8   0x080001f8   0x0000000c   Code   RO          954    .ARM.Collect$$libinit$$00000014  c_w.l(libinit2.o)
    0x08000204   0x08000204   0x00000000   Code   RO          955    .ARM.Collect$$libinit$$00000015  c_w.l(libinit2.o)
    0x08000204   0x08000204   0x00000000   Code   RO          957    .ARM.Collect$$libinit$$00000017  c_w.l(libinit2.o)
    0x08000204   0x08000204   0x0000000a   Code   RO          958    .ARM.Collect$$libinit$$00000018  c_w.l(libinit2.o)
    0x0800020e   0x0800020e   0x00000000   Code   RO          959    .ARM.Collect$$libinit$$00000019  c_w.l(libinit2.o)
    0x0800020e   0x0800020e   0x00000000   Code   RO          961    .ARM.Collect$$libinit$$0000001B  c_w.l(libinit2.o)
    0x0800020e   0x0800020e   0x00000000   Code   RO          963    .ARM.Collect$$libinit$$0000001D  c_w.l(libinit2.o)
    0x0800020e   0x0800020e   0x00000000   Code   RO          965    .ARM.Collect$$libinit$$0000001F  c_w.l(libinit2.o)
    0x0800020e   0x0800020e   0x00000000   Code   RO          967    .ARM.Collect$$libinit$$00000021  c_w.l(libinit2.o)
    0x0800020e   0x0800020e   0x00000000   Code   RO          969    .ARM.Collect$$libinit$$00000023  c_w.l(libinit2.o)
    0x0800020e   0x0800020e   0x00000000   Code   RO          971    .ARM.Collect$$libinit$$00000025  c_w.l(libinit2.o)
    0x0800020e   0x0800020e   0x00000000   Code   RO          973    .ARM.Collect$$libinit$$00000027  c_w.l(libinit2.o)
    0x0800020e   0x0800020e   0x00000000   Code   RO          977    .ARM.Collect$$libinit$$0000002E  c_w.l(libinit2.o)
    0x0800020e   0x0800020e   0x00000000   Code   RO          979    .ARM.Collect$$libinit$$00000030  c_w.l(libinit2.o)
    0x0800020e   0x0800020e   0x00000000   Code   RO          981    .ARM.Collect$$libinit$$00000032  c_w.l(libinit2.o)
    0x0800020e   0x0800020e   0x00000000   Code   RO          983    .ARM.Collect$$libinit$$00000034  c_w.l(libinit2.o)
    0x0800020e   0x0800020e   0x00000002   Code   RO          984    .ARM.Collect$$libinit$$00000035  c_w.l(libinit2.o)
    0x08000210   0x08000210   0x00000002   Code   RO         1008    .ARM.Collect$$libshutdown$$00000000  c_w.l(libshutdown.o)
    0x08000212   0x08000212   0x00000000   Code   RO         1023    .ARM.Collect$$libshutdown$$00000002  c_w.l(libshutdown2.o)
    0x08000212   0x08000212   0x00000000   Code   RO         1025    .ARM.Collect$$libshutdown$$00000004  c_w.l(libshutdown2.o)
    0x08000212   0x08000212   0x00000000   Code   RO         1028    .ARM.Collect$$libshutdown$$00000007  c_w.l(libshutdown2.o)
    0x08000212   0x08000212   0x00000000   Code   RO         1031    .ARM.Collect$$libshutdown$$0000000A  c_w.l(libshutdown2.o)
    0x08000212   0x08000212   0x00000000   Code   RO         1033    .ARM.Collect$$libshutdown$$0000000C  c_w.l(libshutdown2.o)
    0x08000212   0x08000212   0x00000000   Code   RO         1036    .ARM.Collect$$libshutdown$$0000000F  c_w.l(libshutdown2.o)
    0x08000212   0x08000212   0x00000002   Code   RO         1037    .ARM.Collect$$libshutdown$$00000010  c_w.l(libshutdown2.o)
    0x08000214   0x08000214   0x00000000   Code   RO          737    .ARM.Collect$$rtentry$$00000000  c_w.l(__rtentry.o)
    0x08000214   0x08000214   0x00000000   Code   RO          838    .ARM.Collect$$rtentry$$00000002  c_w.l(__rtentry2.o)
    0x08000214   0x08000214   0x00000006   Code   RO          850    .ARM.Collect$$rtentry$$00000004  c_w.l(__rtentry4.o)
    0x0800021a   0x0800021a   0x00000000   Code   RO          840    .ARM.Collect$$rtentry$$00000009  c_w.l(__rtentry2.o)
    0x0800021a   0x0800021a   0x00000004   Code   RO          841    .ARM.Collect$$rtentry$$0000000A  c_w.l(__rtentry2.o)
    0x0800021e   0x0800021e   0x00000000   Code   RO          843    .ARM.Collect$$rtentry$$0000000C  c_w.l(__rtentry2.o)
    0x0800021e   0x0800021e   0x00000008   Code   RO          844    .ARM.Collect$$rtentry$$0000000D  c_w.l(__rtentry2.o)
    0x08000226   0x08000226   0x00000002   Code   RO          929    .ARM.Collect$$rtexit$$00000000  c_w.l(rtexit.o)
    0x08000228   0x08000228   0x00000000   Code   RO          986    .ARM.Collect$$rtexit$$00000002  c_w.l(rtexit2.o)
    0x08000228   0x08000228   0x00000004   Code   RO          987    .ARM.Collect$$rtexit$$00000003  c_w.l(rtexit2.o)
    0x0800022c   0x0800022c   0x00000006   Code   RO          988    .ARM.Collect$$rtexit$$00000004  c_w.l(rtexit2.o)
    0x08000232   0x08000232   0x00000002   PAD
    0x08000234   0x08000234   0x00000040   Code   RO          706  * .text               startup_stm32f10x_md.o
    0x08000274   0x08000274   0x0000002c   Code   RO          731    .text               c_w.l(sprintf.o)
    0x080002a0   0x080002a0   0x00000006   Code   RO          733    .text               c_w.l(heapauxi.o)
    0x080002a6   0x080002a6   0x0000004e   Code   RO          740    .text               c_w.l(_printf_pad.o)
    0x080002f4   0x080002f4   0x00000024   Code   RO          742    .text               c_w.l(_printf_truncate.o)
    0x08000318   0x08000318   0x00000052   Code   RO          744    .text               c_w.l(_printf_str.o)
    0x0800036a   0x0800036a   0x00000002   PAD
    0x0800036c   0x0800036c   0x00000078   Code   RO          746    .text               c_w.l(_printf_dec.o)
    0x080003e4   0x080003e4   0x00000028   Code   RO          748    .text               c_w.l(_printf_charcount.o)
    0x0800040c   0x0800040c   0x00000030   Code   RO          750    .text               c_w.l(_printf_char_common.o)
    0x0800043c   0x0800043c   0x0000000a   Code   RO          752    .text               c_w.l(_sputc.o)
    0x08000446   0x08000446   0x00000002   PAD
    0x08000448   0x08000448   0x000000bc   Code   RO          754    .text               c_w.l(_printf_wctomb.o)
    0x08000504   0x08000504   0x0000007c   Code   RO          757    .text               c_w.l(_printf_longlong_dec.o)
    0x08000580   0x08000580   0x00000070   Code   RO          763    .text               c_w.l(_printf_oct_int_ll.o)
    0x080005f0   0x080005f0   0x00000094   Code   RO          783    .text               c_w.l(_printf_hex_int_ll_ptr.o)
    0x08000684   0x08000684   0x00000188   Code   RO          803    .text               c_w.l(__printf_flags_ss_wp.o)
    0x0800080c   0x0800080c   0x0000008a   Code   RO          852    .text               c_w.l(lludiv10.o)
    0x08000896   0x08000896   0x000000b2   Code   RO          854    .text               c_w.l(_printf_intcommon.o)
    0x08000948   0x08000948   0x0000041c   Code   RO          856    .text               c_w.l(_printf_fp_dec.o)
    0x08000d64   0x08000d64   0x000002fc   Code   RO          860    .text               c_w.l(_printf_fp_hex.o)
    0x08001060   0x08001060   0x0000002c   Code   RO          865    .text               c_w.l(_printf_char.o)
    0x0800108c   0x0800108c   0x0000002c   Code   RO          867    .text               c_w.l(_printf_wchar.o)
    0x080010b8   0x080010b8   0x00000048   Code   RO          870    .text               c_w.l(_c16rtomb.o)
    0x08001100   0x08001100   0x0000004a   Code   RO          872    .text               c_w.l(sys_stackheap_outer.o)
    0x0800114a   0x0800114a   0x00000002   PAD
    0x0800114c   0x0800114c   0x00000010   Code   RO          874    .text               c_w.l(rt_ctype_table.o)
    0x0800115c   0x0800115c   0x00000008   Code   RO          879    .text               c_w.l(rt_locale_intlibspace.o)
    0x08001164   0x08001164   0x00000080   Code   RO          881    .text               c_w.l(_printf_fp_infnan.o)
    0x080011e4   0x080011e4   0x000000e4   Code   RO          883    .text               c_w.l(bigflt0.o)
    0x080012c8   0x080012c8   0x00000012   Code   RO          913    .text               c_w.l(exit.o)
    0x080012da   0x080012da   0x00000002   PAD
    0x080012dc   0x080012dc   0x00000008   Code   RO          926    .text               c_w.l(libspace.o)
    0x080012e4   0x080012e4   0x00000080   Code   RO          936    .text               c_w.l(strcmpv7m.o)
    0x08001364   0x08001364   0x0000000c   Code   RO          998    .text               c_w.l(sys_exit.o)
    0x08001370   0x08001370   0x00000002   Code   RO         1013    .text               c_w.l(use_no_semi.o)
    0x08001372   0x08001372   0x00000000   Code   RO         1015    .text               c_w.l(indicate_semi.o)
    0x08001372   0x08001372   0x00000002   PAD
    0x08001374   0x08001374   0x000004de   Code   RO           18    .text.AddSlaveCard  main.o
    0x08001852   0x08001852   0x00000002   PAD
    0x08001854   0x08001854   0x0000001e   Code   RO           63    .text.AntennaOn     stm32f1_rc522.o
    0x08001872   0x08001872   0x00000002   PAD
    0x08001874   0x08001874   0x000000b4   Code   RO           79    .text.CalulateCRC   stm32f1_rc522.o
    0x08001928   0x08001928   0x00000090   Code   RO           16    .text.CheckInfoCardID  main.o
    0x080019b8   0x080019b8   0x0000002e   Code   RO           61    .text.ClearBitMask  stm32f1_rc522.o
    0x080019e6   0x080019e6   0x00000002   PAD
    0x080019e8   0x080019e8   0x00000058   Code   RO          104    .text.Delay_Ms      liquidcrystal_i2c.o
    0x08001a40   0x08001a40   0x00000052   Code   RO          108    .text.Delay_Us      liquidcrystal_i2c.o
    0x08001a92   0x08001a92   0x00000002   PAD
    0x08001a94   0x08001a94   0x000000aa   Code   RO          102    .text.ExpanderWrite  liquidcrystal_i2c.o
    0x08001b3e   0x08001b3e   0x00000002   PAD
    0x08001b40   0x08001b40   0x00000086   Code   RO           26    .text.Flash_Erase   main.o
    0x08001bc6   0x08001bc6   0x00000002   PAD
    0x08001bc8   0x08001bc8   0x000000b0   Code   RO           12    .text.Flash_Read    main.o
    0x08001c78   0x08001c78   0x0000001e   Code   RO           32    .text.Flash_Unlock  main.o
    0x08001c96   0x08001c96   0x00000002   PAD
    0x08001c98   0x08001c98   0x000000b8   Code   RO           28    .text.Flash_Write   main.o
    0x08001d50   0x08001d50   0x0000009e   Code   RO            6    .text.GPIO_Config   main.o
    0x08001dee   0x08001dee   0x00000002   PAD
    0x08001df0   0x08001df0   0x00000186   Code   RO          277    .text.GPIO_Init     stm32f10x_gpio.o
    0x08001f76   0x08001f76   0x00000002   PAD
    0x08001f78   0x08001f78   0x00000034   Code   RO          281    .text.GPIO_ReadInputDataBit  stm32f10x_gpio.o
    0x08001fac   0x08001fac   0x00000014   Code   RO          291    .text.GPIO_ResetBits  stm32f10x_gpio.o
    0x08001fc0   0x08001fc0   0x00000014   Code   RO          289    .text.GPIO_SetBits  stm32f10x_gpio.o
    0x08001fd4   0x08001fd4   0x0000001c   Code   RO          279    .text.GPIO_StructInit  stm32f10x_gpio.o
    0x08001ff0   0x08001ff0   0x00000088   Code   RO           24    .text.GetPersonStatus  main.o
    0x08002078   0x08002078   0x00000012   Code   RO          114    .text.HD44780_Clear  liquidcrystal_i2c.o
    0x0800208a   0x0800208a   0x00000002   PAD
    0x0800208c   0x0800208c   0x0000004c   Code   RO          116    .text.HD44780_CreateSpecialChar  liquidcrystal_i2c.o
    0x080020d8   0x080020d8   0x0000001e   Code   RO          112    .text.HD44780_Display  liquidcrystal_i2c.o
    0x080020f6   0x080020f6   0x00000002   PAD
    0x080020f8   0x080020f8   0x00000012   Code   RO          118    .text.HD44780_Home  liquidcrystal_i2c.o
    0x0800210a   0x0800210a   0x00000002   PAD
    0x0800210c   0x0800210c   0x0000010c   Code   RO          100    .text.HD44780_Init  liquidcrystal_i2c.o
    0x08002218   0x08002218   0x00000022   Code   RO          150    .text.HD44780_PrintStr  liquidcrystal_i2c.o
    0x0800223a   0x0800223a   0x00000002   PAD
    0x0800223c   0x0800223c   0x00000060   Code   RO          120    .text.HD44780_SetCursor  liquidcrystal_i2c.o
    0x0800229c   0x0800229c   0x00000054   Code   RO          370    .text.I2C_CheckEvent  stm32f10x_i2c.o
    0x080022f0   0x080022f0   0x0000002c   Code   RO          322    .text.I2C_Cmd       stm32f10x_i2c.o
    0x0800231c   0x0800231c   0x0000002c   Code   RO          328    .text.I2C_GenerateSTART  stm32f10x_i2c.o
    0x08002348   0x08002348   0x0000002c   Code   RO          330    .text.I2C_GenerateSTOP  stm32f10x_i2c.o
    0x08002374   0x08002374   0x000001aa   Code   RO          318    .text.I2C_Init      stm32f10x_i2c.o
    0x0800251e   0x0800251e   0x00000002   PAD
    0x08002520   0x08002520   0x00000090   Code   RO            8    .text.I2C_LCD_Configuration  main.o
    0x080025b0   0x080025b0   0x0000003c   Code   RO          346    .text.I2C_Send7bitAddress  stm32f10x_i2c.o
    0x080025ec   0x080025ec   0x00000014   Code   RO          342    .text.I2C_SendData  stm32f10x_i2c.o
    0x08002600   0x08002600   0x0000002e   Code   RO          320    .text.I2C_StructInit  stm32f10x_i2c.o
    0x0800262e   0x0800262e   0x00000002   PAD
    0x08002630   0x08002630   0x00000092   Code   RO           77    .text.MFRC522_Anticoll  stm32f1_rc522.o
    0x080026c2   0x080026c2   0x00000002   PAD
    0x080026c4   0x080026c4   0x00000032   Code   RO           89    .text.MFRC522_Halt  stm32f1_rc522.o
    0x080026f6   0x080026f6   0x00000002   PAD
    0x080026f8   0x080026f8   0x00000096   Code   RO           71    .text.MFRC522_Init  stm32f1_rc522.o
    0x0800278e   0x0800278e   0x00000002   PAD
    0x08002790   0x08002790   0x00000032   Code   RO           91    .text.MFRC522_ReadCardID  stm32f1_rc522.o
    0x080027c2   0x080027c2   0x00000002   PAD
    0x080027c4   0x080027c4   0x00000050   Code   RO           75    .text.MFRC522_Request  stm32f1_rc522.o
    0x08002814   0x08002814   0x0000000c   Code   RO           67    .text.MFRC522_Reset  stm32f1_rc522.o
    0x08002820   0x08002820   0x00000088   Code   RO           69    .text.MFRC522_SPI_Init  stm32f1_rc522.o
    0x080028a8   0x080028a8   0x000001fe   Code   RO           73    .text.MFRC522_ToCard  stm32f1_rc522.o
    0x08002aa6   0x08002aa6   0x00000002   PAD
    0x08002aa8   0x08002aa8   0x0000023c   Code   RO           22    .text.OpendDoor     main.o
    0x08002ce4   0x08002ce4   0x0000009e   Code   RO            4    .text.PWM_Init      main.o
    0x08002d82   0x08002d82   0x00000002   PAD
    0x08002d84   0x08002d84   0x00000032   Code   RO          160    .text.PulseEnable   liquidcrystal_i2c.o
    0x08002db6   0x08002db6   0x00000002   PAD
    0x08002db8   0x08002db8   0x00000056   Code   RO           53    .text.RC522_SPI_Transfer  stm32f1_rc522.o
    0x08002e0e   0x08002e0e   0x00000002   PAD
    0x08002e10   0x08002e10   0x00000038   Code   RO          435    .text.RCC_APB1PeriphClockCmd  stm32f10x_rcc.o
    0x08002e48   0x08002e48   0x00000038   Code   RO          433    .text.RCC_APB2PeriphClockCmd  stm32f10x_rcc.o
    0x08002e80   0x08002e80   0x00000172   Code   RO          429    .text.RCC_GetClocksFreq  stm32f10x_rcc.o
    0x08002ff2   0x08002ff2   0x00000002   PAD
    0x08002ff4   0x08002ff4   0x0000008c   Code   RO           14    .text.ReadCardFromFlash  main.o
    0x08003080   0x08003080   0x00000046   Code   RO           57    .text.Read_MFRC522  stm32f1_rc522.o
    0x080030c6   0x080030c6   0x00000002   PAD
    0x080030c8   0x080030c8   0x000003ba   Code   RO           20    .text.RemoveSlaveCard  main.o
    0x08003482   0x08003482   0x00000002   PAD
    0x08003484   0x08003484   0x0000002c   Code   RO          472    .text.SPI_Cmd       stm32f10x_spi.o
    0x080034b0   0x080034b0   0x00000036   Code   RO          500    .text.SPI_I2S_GetFlagStatus  stm32f10x_spi.o
    0x080034e6   0x080034e6   0x00000002   PAD
    0x080034e8   0x080034e8   0x0000000c   Code   RO          482    .text.SPI_I2S_ReceiveData  stm32f10x_spi.o
    0x080034f4   0x080034f4   0x00000014   Code   RO          480    .text.SPI_I2S_SendData  stm32f10x_spi.o
    0x08003508   0x08003508   0x00000068   Code   RO          464    .text.SPI_Init      stm32f10x_spi.o
    0x08003570   0x08003570   0x00000042   Code   RO          158    .text.Send          liquidcrystal_i2c.o
    0x080035b2   0x080035b2   0x00000002   PAD
    0x080035b4   0x080035b4   0x00000016   Code   RO          144    .text.SendChar      liquidcrystal_i2c.o
    0x080035ca   0x080035ca   0x00000002   PAD
    0x080035cc   0x080035cc   0x00000016   Code   RO          110    .text.SendCommand   liquidcrystal_i2c.o
    0x080035e2   0x080035e2   0x00000002   PAD
    0x080035e4   0x080035e4   0x0000002e   Code   RO           59    .text.SetBitMask    stm32f1_rc522.o
    0x08003612   0x08003612   0x00000002   PAD
    0x08003614   0x08003614   0x00000008   Code   RO          715    .text.SetSysClock   system_stm32f10x.o
    0x0800361c   0x0800361c   0x00000122   Code   RO          719    .text.SetSysClockTo72  system_stm32f10x.o
    0x0800373e   0x0800373e   0x00000002   PAD
    0x08003740   0x08003740   0x00000066   Code   RO          713    .text.SystemInit    system_stm32f10x.o
    0x080037a6   0x080037a6   0x00000002   PAD
    0x080037a8   0x080037a8   0x0000003c   Code   RO           30    .text.TIM2_IRQHandler  main.o
    0x080037e4   0x080037e4   0x0000002c   Code   RO          557    .text.TIM_Cmd       stm32f10x_tim.o
    0x08003810   0x08003810   0x000000ee   Code   RO          525    .text.TIM_OC4Init   stm32f10x_tim.o
    0x080038fe   0x080038fe   0x00000002   PAD
    0x08003900   0x08003900   0x0000003e   Code   RO          611    .text.TIM_OC4PreloadConfig  stm32f10x_tim.o
    0x0800393e   0x0800393e   0x00000002   PAD
    0x08003940   0x08003940   0x00000142   Code   RO          517    .text.TIM_TimeBaseInit  stm32f10x_tim.o
    0x08003a82   0x08003a82   0x00000002   PAD
    0x08003a84   0x08003a84   0x00000074   Code   RO           10    .text.Timer2RegisterInterupt  main.o
    0x08003af8   0x08003af8   0x0000001c   Code   RO          106    .text.Write4Bits    liquidcrystal_i2c.o
    0x08003b14   0x08003b14   0x00000042   Code   RO           55    .text.Write_MFRC522  stm32f1_rc522.o
    0x08003b56   0x08003b56   0x00000002   PAD
    0x08003b58   0x08003b58   0x000003aa   Code   RO            2    .text.main          main.o
    0x08003f02   0x08003f02   0x0000003e   Code   RO          886    CL$$btod_d2e        c_w.l(btod.o)
    0x08003f40   0x08003f40   0x00000046   Code   RO          888    CL$$btod_d2e_denorm_low  c_w.l(btod.o)
    0x08003f86   0x08003f86   0x00000060   Code   RO          887    CL$$btod_d2e_norm_op1  c_w.l(btod.o)
    0x08003fe6   0x08003fe6   0x00000002   PAD
    0x08003fe8   0x08003fe8   0x00000338   Code   RO          896    CL$$btod_div_common  c_w.l(btod.o)
    0x08004320   0x08004320   0x000000dc   Code   RO          893    CL$$btod_e2e        c_w.l(btod.o)
    0x080043fc   0x080043fc   0x0000002a   Code   RO          890    CL$$btod_ediv       c_w.l(btod.o)
    0x08004426   0x08004426   0x0000002a   Code   RO          889    CL$$btod_emul       c_w.l(btod.o)
    0x08004450   0x08004450   0x00000244   Code   RO          895    CL$$btod_mult_common  c_w.l(btod.o)
    0x08004694   0x08004694   0x00000028   Code   RO          924    i.__ARM_fpclassify  m_ws.l(fpclassify.o)
    0x080046bc   0x080046bc   0x0000000e   Code   RO          796    i._is_digit         c_w.l(__printf_wp.o)
    0x080046ca   0x080046ca   0x00000002   PAD
    0x080046cc   0x080046cc   0x0000002c   Code   RO          911    locale$$code        c_w.l(lc_numeric_c.o)
    0x080046f8   0x080046f8   0x0000002c   Code   RO          934    locale$$code        c_w.l(lc_ctype_c.o)
    0x08004724   0x08004724   0x00000004   Code   RO          829    x$fpl$printf1       fz_ws.l(printf1.o)
    0x08004728   0x08004728   0x00000004   Code   RO          831    x$fpl$printf2       fz_ws.l(printf2.o)
    0x0800472c   0x0800472c   0x00000000   Code   RO          923    x$fpl$usenofp       fz_ws.l(usenofp.o)
    0x0800472c   0x0800472c   0x00000008   Data   RO          755    .constdata          c_w.l(_printf_wctomb.o)
    0x08004734   0x08004734   0x00000028   Data   RO          784    .constdata          c_w.l(_printf_hex_int_ll_ptr.o)
    0x0800475c   0x0800475c   0x00000011   Data   RO          804    .constdata          c_w.l(__printf_flags_ss_wp.o)
    0x0800476d   0x0800476d   0x00000026   Data   RO          861    .constdata          c_w.l(_printf_fp_hex.o)
    0x08004793   0x08004793   0x00000001   PAD
    0x08004794   0x08004794   0x00000094   Data   RO          884    .constdata          c_w.l(bigflt0.o)
    0x08004828   0x08004828   0x00000004   Data   RO          454    .rodata.ADCPrescTable  stm32f10x_rcc.o
    0x0800482c   0x0800482c   0x00000010   Data   RO          453    .rodata.APBAHBPrescTable  stm32f10x_rcc.o
    0x0800483c   0x0800483c   0x000000ff   Data   RO           39    .rodata.str1.1      main.o
    0x0800493b   0x0800493b   0x00000001   PAD
    0x0800493c   0x0800493c   0x00000020   Data   RO         1071    Region$$Table       anon$$obj.o
    0x0800495c   0x0800495c   0x0000001c   Data   RO          910    locale$$data        c_w.l(lc_numeric_c.o)
    0x08004978   0x08004978   0x00000110   Data   RO          933    locale$$data        c_w.l(lc_ctype_c.o)


    Execution Region ER_RW (Exec base: 0x20000000, Load base: 0x08004a88, Size: 0x00000018, Max: 0xffffffff, ABSOLUTE)

    Exec Addr    Load Addr    Size         Type   Attr      Idx    E Section Name        Object

    0x20000000   0x08004a88   0x00000005   Data   RW           44    .data.MasterCardID  main.o
    0x20000005   0x08004a8d   0x00000001   PAD
    0x20000006   0x08004a8e   0x00000002   Data   RW           35    .data.SectorActive  main.o
    0x20000008   0x08004a90   0x00000008   Data   RW          167    .data.special1      liquidcrystal_i2c.o
    0x20000010   0x08004a98   0x00000008   Data   RW          168    .data.special2      liquidcrystal_i2c.o


    Execution Region ER_ZI (Exec base: 0x20000018, Load base: 0x08004aa0, Size: 0x00000770, Max: 0xffffffff, ABSOLUTE)

    Exec Addr    Load Addr    Size         Type   Attr      Idx    E Section Name        Object

    0x20000018        -       0x00000060   Zero   RW          927    .bss                c_w.l(libspace.o)
    0x20000078        -       0x00000005   Zero   RW           43    .bss.CardID         main.o
    0x2000007d        -       0x00000001   Zero   RW           36    .bss.CardIDInfo     main.o
    0x2000007e        -       0x00000001   Zero   RW           37    .bss.CardIDforce    main.o
    0x2000007f        -       0x00000001   Zero   RW           38    .bss.CountStateMasterCard  main.o
    0x20000080        -       0x000000fa   Zero   RW           42    .bss.SlaveCardID    main.o
    0x2000017a        -       0x00000001   Zero   RW          163    .bss.dpBacklight    liquidcrystal_i2c.o
    0x2000017b        -       0x00000001   Zero   RW          165    .bss.dpControl      liquidcrystal_i2c.o
    0x2000017c        -       0x00000001   Zero   RW          164    .bss.dpFunction     liquidcrystal_i2c.o
    0x2000017d        -       0x00000001   Zero   RW          166    .bss.dpMode         liquidcrystal_i2c.o
    0x2000017e        -       0x00000001   Zero   RW          162    .bss.dpRows         liquidcrystal_i2c.o
    0x2000017f   0x08004aa0   0x00000001   PAD
    0x20000180        -       0x00000004   Zero   RW           40    .bss.s32PeopleInRoom  main.o
    0x20000184        -       0x00000001   Zero   RW           41    .bss.s8Time         main.o
    0x20000185   0x08004aa0   0x00000001   PAD
    0x20000186        -       0x00000002   Zero   RW           34    .bss.u32CheckAtive  main.o
    0x20000188        -       0x00000200   Zero   RW          704    HEAP                startup_stm32f10x_md.o
    0x20000388        -       0x00000400   Zero   RW          703    STACK               startup_stm32f10x_md.o


==============================================================================

Image component sizes


      Code (inc. data)   RO Data    RW Data    ZI Data      Debug   Object Name

      1068          0          0         16          5       5657   liquidcrystal_i2c.o
      5290          0        255          7        265      10207   main.o
        64         26        236          0       1536        840   startup_stm32f10x_md.o
       510          0          0          0          0       5601   stm32f10x_gpio.o
       768          0          0          0          0       7771   stm32f10x_i2c.o
       482          0         20          0          0       6920   stm32f10x_rcc.o
       234          0          0          0          0       6510   stm32f10x_spi.o
       666          0          0          0          0      20233   stm32f10x_tim.o
      1658          0          0          0          0       7134   stm32f1_rc522.o
       400          0          0          0          0       2831   system_stm32f10x.o

    ----------------------------------------------------------------------
     11214         26        544         24       1808      73704   Object Totals
         0          0         32          0          0          0   (incl. Generated)
        74          0          1          1          2          0   (incl. Padding)

    ----------------------------------------------------------------------

      Code (inc. data)   RO Data    RW Data    ZI Data      Debug   Library Member Name

         8          0          0          0          0         68   __main.o
       392          4         17          0          0         92   __printf_flags_ss_wp.o
        14          0          0          0          0         68   __printf_wp.o
         0          0          0          0          0          0   __rtentry.o
        12          0          0          0          0          0   __rtentry2.o
         6          0          0          0          0          0   __rtentry4.o
        52          8          0          0          0          0   __scatter.o
        26          0          0          0          0          0   __scatter_copy.o
        28          0          0          0          0          0   __scatter_zi.o
        72          0          0          0          0         96   _c16rtomb.o
         6          0          0          0          0          0   _printf_a.o
         6          0          0          0          0          0   _printf_c.o
        44          0          0          0          0        108   _printf_char.o
        48          6          0          0          0         96   _printf_char_common.o
        40          0          0          0          0         68   _printf_charcount.o
         6          0          0          0          0          0   _printf_d.o
       120         16          0          0          0         92   _printf_dec.o
         6          0          0          0          0          0   _printf_e.o
         6          0          0          0          0          0   _printf_f.o
      1052          0          0          0          0        148   _printf_fp_dec.o
       764          8         38          0          0        100   _printf_fp_hex.o
       128         16          0          0          0         84   _printf_fp_infnan.o
         6          0          0          0          0          0   _printf_g.o
       148          4         40          0          0        160   _printf_hex_int_ll_ptr.o
         6          0          0          0          0          0   _printf_i.o
       178          0          0          0          0         88   _printf_intcommon.o
        10          0          0          0          0          0   _printf_l.o
         6          0          0          0          0          0   _printf_lc.o
        10          0          0          0          0          0   _printf_ll.o
         6          0          0          0          0          0   _printf_lld.o
         6          0          0          0          0          0   _printf_lli.o
         6          0          0          0          0          0   _printf_llo.o
         6          0          0          0          0          0   _printf_llu.o
         6          0          0          0          0          0   _printf_llx.o
       124         16          0          0          0         92   _printf_longlong_dec.o
         6          0          0          0          0          0   _printf_ls.o
         6          0          0          0          0          0   _printf_n.o
         6          0          0          0          0          0   _printf_o.o
       112          8          0          0          0        124   _printf_oct_int_ll.o
         6          0          0          0          0          0   _printf_p.o
        78          0          0          0          0        108   _printf_pad.o
         0          0          0          0          0          0   _printf_percent.o
         4          0          0          0          0          0   _printf_percent_end.o
         6          0          0          0          0          0   _printf_s.o
        82          0          0          0          0         80   _printf_str.o
        36          0          0          0          0         84   _printf_truncate.o
         6          0          0          0          0          0   _printf_u.o
        44          0          0          0          0        108   _printf_wchar.o
       188          6          8          0          0         92   _printf_wctomb.o
         6          0          0          0          0          0   _printf_x.o
        10          0          0          0          0         68   _sputc.o
       228          4        148          0          0         96   bigflt0.o
      1936        128          0          0          0        668   btod.o
        18          0          0          0          0         80   exit.o
         6          0          0          0          0        152   heapauxi.o
         0          0          0          0          0          0   indicate_semi.o
        44         10        272          0          0         76   lc_ctype_c.o
        44         10         28          0          0         76   lc_numeric_c.o
         2          0          0          0          0          0   libinit.o
        30          0          0          0          0          0   libinit2.o
         2          0          0          0          0          0   libshutdown.o
         2          0          0          0          0          0   libshutdown2.o
         8          4          0          0         96         68   libspace.o
       138          0          0          0          0         80   lludiv10.o
        16          4          0          0          0         76   rt_ctype_table.o
         8          4          0          0          0         68   rt_locale_intlibspace.o
         2          0          0          0          0          0   rtexit.o
        10          0          0          0          0          0   rtexit2.o
        44          6          0          0          0         84   sprintf.o
       128          0          0          0          0         68   strcmpv7m.o
        12          4          0          0          0         68   sys_exit.o
        74          0          0          0          0         80   sys_stackheap_outer.o
         2          0          0          0          0         68   use_no_semi.o
         4          0          0          0          0         68   printf1.o
         4          0          0          0          0         68   printf2.o
         0          0          0          0          0          0   usenofp.o
        40          0          0          0          0         68   fpclassify.o

    ----------------------------------------------------------------------
      6770        266        552          0         96       4036   Library Totals
        18          0          1          0          0          0   (incl. Padding)

    ----------------------------------------------------------------------

      Code (inc. data)   RO Data    RW Data    ZI Data      Debug   Library Name

      6704        266        551          0         96       3832   c_w.l
         8          0          0          0          0        136   fz_ws.l
        40          0          0          0          0         68   m_ws.l

    ----------------------------------------------------------------------
      6770        266        552          0         96       4036   Library Totals

    ----------------------------------------------------------------------

==============================================================================


      Code (inc. data)   RO Data    RW Data    ZI Data      Debug   

     17984        292       1096         24       1904      75444   Grand Totals
     17984        292       1096         24       1904      75444   ELF Image Totals
     17984        292       1096         24          0          0   ROM Totals

==============================================================================

    Total RO  Size (Code + RO Data)                19080 (  18.63kB)
    Total RW  Size (RW Data + ZI Data)              1928 (   1.88kB)
    Total ROM Size (Code + RO Data + RW Data)      19104 (  18.66kB)

==============================================================================

